#
# There is insufficient memory for the Java Runtime Environment to continue.
# Native memory allocation (malloc) failed to allocate 1048576 bytes for AllocateHeap
# Possible reasons:
#   The system is out of physical RAM or swap space
#   The process is running with CompressedOops enabled, and the Java Heap may be blocking the growth of the native heap
# Possible solutions:
#   Reduce memory load on the system
#   Increase physical memory or swap space
#   Check if swap backing store is full
#   Decrease Java heap size (-Xmx/-Xms)
#   Decrease number of Java threads
#   Decrease Java thread stack sizes (-Xss)
#   Set larger code cache with -XX:ReservedCodeCacheSize=
#   JVM is running with Unscaled Compressed Oops mode in which the Java heap is
#     placed in the first 4GB address space. The Java Heap base address is the
#     maximum limit for the native heap growth. Please use -XX:HeapBaseMinAddress
#     to set the Java Heap base and to place the Java Heap above 4GB virtual address.
# This output file may be truncated or incomplete.
#
#  Out of Memory Error (allocation.cpp:44), pid=6328, tid=15300
#
# JRE version:  (17.0.3.1+2) (build )
# Java VM: Java HotSpot(TM) 64-Bit Server VM (17.0.3.1+2-LTS-6, mixed mode, sharing, tiered, compressed oops, compressed class ptrs, g1 gc, windows-amd64)
# No core dump will be written. Minidumps are not enabled by default on client versions of Windows
#

---------------  S U M M A R Y ------------

Command Line: -Dclassworlds.conf=C:\Program Files\JetBrains\IntelliJ IDEA Community Edition 2022.2\plugins\maven\lib\maven3\bin\..\bin\m2.conf -Dmaven.home=C:\Program Files\JetBrains\IntelliJ IDEA Community Edition 2022.2\plugins\maven\lib\maven3\bin\.. -Dlibrary.jansi.path=C:\Program Files\JetBrains\IntelliJ IDEA Community Edition 2022.2\plugins\maven\lib\maven3\bin\..\lib\jansi-native -Dmaven.multiModuleProjectDirectory=E:\Study\SpringBoot\Application\TradingCrypto\trading-crypto-backend\wallet-service org.codehaus.plexus.classworlds.launcher.Launcher clean

Host: AMD Ryzen 5 5500U with Radeon Graphics         , 12 cores, 23G,  Windows 10 , 64 bit Build 19041 (10.0.19041.5915)
Time: Sun Nov 30 07:59:29 2025 SE Asia Standard Time elapsed time: 0.015097 seconds (0d 0h 0m 0s)

---------------  T H R E A D  ---------------

Current thread (0x0000022d340e8c10):  JavaThread "Unknown thread" [_thread_in_vm, id=15300, stack(0x0000003cc5000000,0x0000003cc5100000)]

Stack: [0x0000003cc5000000,0x0000003cc5100000]
Native frames: (J=compiled Java code, j=interpreted, Vv=VM code, C=native code)
V  [jvm.dll+0x6711ba]
V  [jvm.dll+0x7d0834]
V  [jvm.dll+0x7d1fde]
V  [jvm.dll+0x7d2643]
V  [jvm.dll+0x242c85]
V  [jvm.dll+0xa4b93]
V  [jvm.dll+0x2d3d84]
V  [jvm.dll+0x7a23dc]
V  [jvm.dll+0x365d01]
V  [jvm.dll+0x78187c]
V  [jvm.dll+0x3e873f]
V  [jvm.dll+0x3ea1e1]
C  [jli.dll+0x527b]
C  [ucrtbase.dll+0x21bb2]
C  [KERNEL32.DLL+0x17374]
C  [ntdll.dll+0x4cc91]


---------------  P R O C E S S  ---------------

Threads class SMR info:
_java_thread_list=0x00007ffcbcae9858, length=0, elements={
}

Java Threads: ( => current thread )

Other Threads:

=>0x0000022d340e8c10 (exited) JavaThread "Unknown thread" [_thread_in_vm, id=15300, stack(0x0000003cc5000000,0x0000003cc5100000)]

Threads with active compile tasks:

VM state: not at safepoint (not fully initialized)

VM Mutex/Monitor currently owned by a thread: None

Heap address: 0x0000000000000000, size: 0 MB, Compressed Oops mode: 32-bit

CDS archive(s) mapped at: [0x0000000000000000-0x0000000000000000-0x0000000000000000), size 0, SharedBaseAddress: 0x0000000800000000, ArchiveRelocationMode: 0.
Narrow klass base: 0x0000000000000000, Narrow klass shift: 0, Narrow klass range: 0x0

GC Precious Log:
<Empty>

GC Heap History (0 events):
No events

Deoptimization events (0 events):
No events

Classes unloaded (0 events):
No events

Classes redefined (0 events):
No events

Internal exceptions (0 events):
No events

VM Operations (0 events):
No events

Events (1 events):
Event: 0.005 Loaded shared library C:\Program Files\Java\jdk-17.0.3.1\bin\java.dll


Dynamic libraries:
0x00007ff7cc750000 - 0x00007ff7cc760000 	C:\Program Files\Java\jdk-17.0.3.1\bin\java.exe
0x00007ffd11270000 - 0x00007ffd11468000 	C:\Windows\SYSTEM32\ntdll.dll
0x00007ffd10ab0000 - 0x00007ffd10b72000 	C:\Windows\System32\KERNEL32.DLL
0x00007ffd0eb60000 - 0x00007ffd0ee56000 	C:\Windows\System32\KERNELBASE.dll
0x00007ffd0e900000 - 0x00007ffd0ea00000 	C:\Windows\System32\ucrtbase.dll
0x00007ffd037d0000 - 0x00007ffd037e8000 	C:\Program Files\Java\jdk-17.0.3.1\bin\jli.dll
0x00007ffd037b0000 - 0x00007ffd037ca000 	C:\Program Files\Java\jdk-17.0.3.1\bin\VCRUNTIME140.dll
0x00007ffd11170000 - 0x00007ffd11221000 	C:\Windows\System32\ADVAPI32.dll
0x00007ffd0f730000 - 0x00007ffd0f7ce000 	C:\Windows\System32\msvcrt.dll
0x00007ffd10240000 - 0x00007ffd102df000 	C:\Windows\System32\sechost.dll
0x00007ffd0fcc0000 - 0x00007ffd0fde0000 	C:\Windows\System32\RPCRT4.dll
0x00007ffd0ee60000 - 0x00007ffd0ee87000 	C:\Windows\System32\bcrypt.dll
0x00007ffd10fc0000 - 0x00007ffd11161000 	C:\Windows\System32\USER32.dll
0x00007ffd0f260000 - 0x00007ffd0f282000 	C:\Windows\System32\win32u.dll
0x00007ffcfef50000 - 0x00007ffcff1eb000 	C:\Windows\WinSxS\amd64_microsoft.windows.common-controls_6595b64144ccf1df_6.0.19041.6456_none_60b8a6cb71f64256\COMCTL32.dll
0x00007ffd0fb30000 - 0x00007ffd0fb5b000 	C:\Windows\System32\GDI32.dll
0x00007ffd0f0a0000 - 0x00007ffd0f1b9000 	C:\Windows\System32\gdi32full.dll
0x00007ffd0f1c0000 - 0x00007ffd0f25d000 	C:\Windows\System32\msvcp_win.dll
0x00007ffd051c0000 - 0x00007ffd051ca000 	C:\Windows\SYSTEM32\VERSION.dll
0x00007ffd0f700000 - 0x00007ffd0f72f000 	C:\Windows\System32\IMM32.DLL
0x00007ffd037a0000 - 0x00007ffd037ac000 	C:\Program Files\Java\jdk-17.0.3.1\bin\vcruntime140_1.dll
0x00007ffcf8180000 - 0x00007ffcf820d000 	C:\Program Files\Java\jdk-17.0.3.1\bin\msvcp140.dll
0x00007ffcbc050000 - 0x00007ffcbcc10000 	C:\Program Files\Java\jdk-17.0.3.1\bin\server\jvm.dll
0x00007ffd0ffe0000 - 0x00007ffd0ffe8000 	C:\Windows\System32\PSAPI.DLL
0x00007ffd04ec0000 - 0x00007ffd04ee7000 	C:\Windows\SYSTEM32\WINMM.dll
0x00007ffd0b8d0000 - 0x00007ffd0b8d9000 	C:\Windows\SYSTEM32\WSOCK32.dll
0x00007ffd0fde0000 - 0x00007ffd0fe4b000 	C:\Windows\System32\WS2_32.dll
0x00007ffd0c710000 - 0x00007ffd0c722000 	C:\Windows\SYSTEM32\kernel.appcore.dll
0x00007ffd03790000 - 0x00007ffd0379a000 	C:\Program Files\Java\jdk-17.0.3.1\bin\jimage.dll
0x00007ffd03f20000 - 0x00007ffd04121000 	C:\Windows\SYSTEM32\DBGHELP.DLL
0x00007ffcf5b70000 - 0x00007ffcf5ba4000 	C:\Windows\SYSTEM32\dbgcore.DLL
0x00007ffd0eee0000 - 0x00007ffd0ef62000 	C:\Windows\System32\bcryptPrimitives.dll
0x00007ffcf5b40000 - 0x00007ffcf5b65000 	C:\Program Files\Java\jdk-17.0.3.1\bin\java.dll

dbghelp: loaded successfully - version: 4.0.5 - missing functions: none
symbol engine: initialized successfully - sym options: 0x614 - pdb path: .;C:\Program Files\Java\jdk-17.0.3.1\bin;C:\Windows\SYSTEM32;C:\Windows\WinSxS\amd64_microsoft.windows.common-controls_6595b64144ccf1df_6.0.19041.6456_none_60b8a6cb71f64256;C:\Program Files\Java\jdk-17.0.3.1\bin\server

VM Arguments:
jvm_args: -Dclassworlds.conf=C:\Program Files\JetBrains\IntelliJ IDEA Community Edition 2022.2\plugins\maven\lib\maven3\bin\..\bin\m2.conf -Dmaven.home=C:\Program Files\JetBrains\IntelliJ IDEA Community Edition 2022.2\plugins\maven\lib\maven3\bin\.. -Dlibrary.jansi.path=C:\Program Files\JetBrains\IntelliJ IDEA Community Edition 2022.2\plugins\maven\lib\maven3\bin\..\lib\jansi-native -Dmaven.multiModuleProjectDirectory=E:\Study\SpringBoot\Application\TradingCrypto\trading-crypto-backend\wallet-service 
java_command: org.codehaus.plexus.classworlds.launcher.Launcher clean
java_class_path (initial): C:\Program Files\JetBrains\IntelliJ IDEA Community Edition 2022.2\plugins\maven\lib\maven3\bin\..\boot\plexus-classworlds-2.6.0.jar
Launcher Type: SUN_STANDARD

[Global flags]
     intx CICompilerCount                          = 4                                         {product} {ergonomic}
     uint ConcGCThreads                            = 3                                         {product} {ergonomic}
     uint G1ConcRefinementThreads                  = 10                                        {product} {ergonomic}
   size_t G1HeapRegionSize                         = 4194304                                   {product} {ergonomic}
    uintx GCDrainStackTargetSize                   = 64                                        {product} {ergonomic}
   size_t InitialHeapSize                          = 394264576                                 {product} {ergonomic}
   size_t MarkStackSize                            = 4194304                                   {product} {ergonomic}
   size_t MaxHeapSize                              = 6270484480                                {product} {ergonomic}
   size_t MinHeapDeltaBytes                        = 4194304                                   {product} {ergonomic}
   size_t MinHeapSize                              = 8388608                                   {product} {ergonomic}
    uintx NonNMethodCodeHeapSize                   = 5839372                                {pd product} {ergonomic}
    uintx NonProfiledCodeHeapSize                  = 122909434                              {pd product} {ergonomic}
    uintx ProfiledCodeHeapSize                     = 122909434                              {pd product} {ergonomic}
    uintx ReservedCodeCacheSize                    = 251658240                              {pd product} {ergonomic}
     bool SegmentedCodeCache                       = true                                      {product} {ergonomic}
   size_t SoftMaxHeapSize                          = 6270484480                             {manageable} {ergonomic}
     bool UseCompressedClassPointers               = true                           {product lp64_product} {ergonomic}
     bool UseCompressedOops                        = true                           {product lp64_product} {ergonomic}
     bool UseG1GC                                  = true                                      {product} {ergonomic}
     bool UseLargePagesIndividualAllocation        = false                                  {pd product} {ergonomic}

Logging:
Log output configuration:
 #0: stdout all=warning uptime,level,tags
 #1: stderr all=off uptime,level,tags

Environment Variables:
JAVA_HOME=C:\Program Files\Java\jdk-17.0.3.1
PATH=C:\Program Files\Microsoft MPI\Bin\;C:\Program Files\Common Files\Oracle\Java\javapath;C:\Program Files (x86)\Common Files\Oracle\Java\javapath;C:\Windows\system32;C:\Windows;C:\Windows\System32\Wbem;C:\Windows\System32\WindowsPowerShell\v1.0\;C:\Windows\System32\OpenSSH\;C:\MinGW\bin;C:\Program Files\Git\cmd;C:\Program Files\Java\jdk-17.0.3.1\bin;D:\SQL Server\160\Tools\Binn\;C:\Program Files\Microsoft SQL Server\160\Tools\Binn\;C:\Program Files\Microsoft SQL Server\Client SDK\ODBC\170\Tools\Binn\;C:\Program Files\Microsoft SQL Server\160\DTS\Binn\;D:\SQL Server\160\DTS\Binn\;C:\Program Files\Microsoft SQL Server\150\Tools\Binn\;D:\Rational Rose\common;C:\Program Files\Docker\Docker\resources\bin;C:\Program Files\wkhtmltopdf\bin;C:\Program Files\JetBrains\IntelliJ IDEA Community Edition 2022.2\plugins\maven\lib\maven3\bin;C:\Program Files\Go\bin;C:\Program Files\nodejs\;C:\Program Files\Redis\;D:\Python\Scripts\;D:\Python\;C:\Users\DELL 5515\AppData\Local\Programs\Python\Launcher\;D:\Anaconda;D:\Anaconda\Library\mingw-w64\bin;D:\Anaconda\Library\usr\bin;D:\Anaconda\Library\bin;D:\Anaconda\Scripts;C:\Users\DELL 5515\AppData\Local\Microsoft\WindowsApps;C:\Users\DELL 5515\AppData\Local\Programs\Microsoft VS Code\bin;C:\Program Files\JetBrains\IntelliJ IDEA Community Edition 2022.2\bin;;C:\Program Files\Azure Data Studio\bin;C:\Users\DELL 5515\go\bin;C:\Users\DELL 5515\AppData\Roaming\npm
USERNAME=Maxs18
OS=Windows_NT
PROCESSOR_IDENTIFIER=AMD64 Family 23 Model 104 Stepping 1, AuthenticAMD



---------------  S Y S T E M  ---------------

OS:
 Windows 10 , 64 bit Build 19041 (10.0.19041.5915)
OS uptime: 0 days 13:02 hours
Hyper-V role detected

CPU: total 12 (initial active 12) (12 cores per cpu, 2 threads per core) family 23 model 104 stepping 1 microcode 0x0, cx8, cmov, fxsr, ht, mmx, 3dnowpref, sse, sse2, sse3, ssse3, sse4a, sse4.1, sse4.2, popcnt, lzcnt, tsc, tscinvbit, avx, avx2, aes, clmul, bmi1, bmi2, adx, sha, fma, vzeroupper, clflush, clflushopt, hv

Memory: 4k page, system-wide physical 23912M (908M free)
TotalPageFile size 35156M (AvailPageFile size 6M)
current process WorkingSet (physical memory assigned to process): 9M, peak: 9M
current process commit charge ("private bytes"): 10M, peak: 11M

vm_info: Java HotSpot(TM) 64-Bit Server VM (17.0.3.1+2-LTS-6) for windows-amd64 JRE (17.0.3.1+2-LTS-6), built on Apr 25 2022 22:04:21 by "mach5one" with MS VC++ 16.8 / 16.9 (VS2019)

END.
