#
# There is insufficient memory for the Java Runtime Environment to continue.
# Native memory allocation (mmap) failed to map 65536 bytes for Failed to commit metaspace.
# Possible reasons:
#   The system is out of physical RAM or swap space
#   The process is running with CompressedOops enabled, and the Java Heap may be blocking the growth of the native heap
# Possible solutions:
#   Reduce memory load on the system
#   Increase physical memory or swap space
#   Check if swap backing store is full
#   Decrease Java heap size (-Xmx/-Xms)
#   Decrease number of Java threads
#   Decrease Java thread stack sizes (-Xss)
#   Set larger code cache with -XX:ReservedCodeCacheSize=
#   JVM is running with Unscaled Compressed Oops mode in which the Java heap is
#     placed in the first 4GB address space. The Java Heap base address is the
#     maximum limit for the native heap growth. Please use -XX:HeapBaseMinAddress
#     to set the Java Heap base and to place the Java Heap above 4GB virtual address.
# This output file may be truncated or incomplete.
#
#  Out of Memory Error (virtualSpaceNode.cpp:110), pid=16880, tid=17048
#
# JRE version: OpenJDK Runtime Environment Corretto-19.0.2.7.1 (19.0.2+7) (build 19.0.2+7-FR)
# Java VM: OpenJDK 64-Bit Server VM Corretto-19.0.2.7.1 (19.0.2+7-FR, mixed mode, sharing, tiered, compressed oops, compressed class ptrs, g1 gc, windows-amd64)
# No core dump will be written. Minidumps are not enabled by default on client versions of Windows
#

---------------  S U M M A R Y ------------

Command Line: -javaagent:C:\Program Files\JetBrains\IntelliJ IDEA Community Edition 2022.2\lib\idea_rt.jar=54762:C:\Program Files\JetBrains\IntelliJ IDEA Community Edition 2022.2\bin -Dfile.encoding=UTF-8 com.hieu.coin_service.CoinServiceApplication

Host: AMD Ryzen 5 5500U with Radeon Graphics         , 12 cores, 7G,  Windows 10 , 64 bit Build 19041 (10.0.19041.5915)
Time: Wed Sep  3 11:35:43 2025 SE Asia Standard Time elapsed time: 5.642473 seconds (0d 0h 0m 5s)

---------------  T H R E A D  ---------------

Current thread (0x000002406add90d0):  JavaThread "C1 CompilerThread0" daemon [_thread_in_vm, id=17048, stack(0x000000c730500000,0x000000c730600000)]


Current CompileTask:
C1:   5642 3812       3       java.lang.invoke.MethodHandles::constant (88 bytes)

Stack: [0x000000c730500000,0x000000c730600000]
Native frames: (J=compiled Java code, j=interpreted, Vv=VM code, C=native code)
V  [jvm.dll+0x6d034a]
V  [jvm.dll+0x880f10]
V  [jvm.dll+0x88289e]
V  [jvm.dll+0x882f43]
V  [jvm.dll+0x27b4bb]
V  [jvm.dll+0x87cb1b]
V  [jvm.dll+0x676026]
V  [jvm.dll+0x67608a]
V  [jvm.dll+0x678846]
V  [jvm.dll+0x67871e]
V  [jvm.dll+0x676a25]
V  [jvm.dll+0x6878ba]
V  [jvm.dll+0x68092a]
V  [jvm.dll+0x1fd64f]
V  [jvm.dll+0x1fd7d6]
V  [jvm.dll+0x16fd01]
V  [jvm.dll+0x16fb45]
V  [jvm.dll+0x166854]
V  [jvm.dll+0x168b89]
V  [jvm.dll+0x1608a7]
V  [jvm.dll+0x1718d5]
V  [jvm.dll+0x171749]
V  [jvm.dll+0x15bef2]
V  [jvm.dll+0x15c263]
V  [jvm.dll+0x15c547]
V  [jvm.dll+0x15b87f]
V  [jvm.dll+0x15d686]
V  [jvm.dll+0x25558a]
V  [jvm.dll+0x2538d7]
V  [jvm.dll+0x8342bd]
V  [jvm.dll+0x82e2fa]
V  [jvm.dll+0x6cf0d3]
C  [ucrtbase.dll+0x21bb2]
C  [KERNEL32.DLL+0x17374]
C  [ntdll.dll+0x4cc91]


---------------  P R O C E S S  ---------------

Threads class SMR info:
_java_thread_list=0x0000024070d32e30, length=14, elements={
0x000002404c45de60, 0x000002406adcdbc0, 0x000002406adce7b0, 0x000002406add05b0,
0x000002406add0ee0, 0x000002406add1810, 0x000002406add2140, 0x000002406add5dc0,
0x000002406add90d0, 0x000002406addaa50, 0x000002406f0c9900, 0x000002406f314ca0,
0x000002406f620970, 0x000002406fd36ff0
}

Java Threads: ( => current thread )
  0x000002404c45de60 JavaThread "main" [_thread_in_vm, id=16972, stack(0x000000c72f700000,0x000000c72f800000)]
  0x000002406adcdbc0 JavaThread "Reference Handler" daemon [_thread_blocked, id=17020, stack(0x000000c72fe00000,0x000000c72ff00000)]
  0x000002406adce7b0 JavaThread "Finalizer" daemon [_thread_blocked, id=17024, stack(0x000000c72ff00000,0x000000c730000000)]
  0x000002406add05b0 JavaThread "Signal Dispatcher" daemon [_thread_blocked, id=17028, stack(0x000000c730000000,0x000000c730100000)]
  0x000002406add0ee0 JavaThread "Attach Listener" daemon [_thread_blocked, id=17032, stack(0x000000c730100000,0x000000c730200000)]
  0x000002406add1810 JavaThread "Service Thread" daemon [_thread_blocked, id=17036, stack(0x000000c730200000,0x000000c730300000)]
  0x000002406add2140 JavaThread "Monitor Deflation Thread" daemon [_thread_blocked, id=17040, stack(0x000000c730300000,0x000000c730400000)]
  0x000002406add5dc0 JavaThread "C2 CompilerThread0" daemon [_thread_in_native, id=17044, stack(0x000000c730400000,0x000000c730500000)]
=>0x000002406add90d0 JavaThread "C1 CompilerThread0" daemon [_thread_in_vm, id=17048, stack(0x000000c730500000,0x000000c730600000)]
  0x000002406addaa50 JavaThread "Sweeper thread" daemon [_thread_blocked, id=17052, stack(0x000000c730600000,0x000000c730700000)]
  0x000002406f0c9900 JavaThread "Common-Cleaner" daemon [_thread_blocked, id=17056, stack(0x000000c730700000,0x000000c730800000)]
  0x000002406f314ca0 JavaThread "Monitor Ctrl-Break" daemon [_thread_in_native, id=17072, stack(0x000000c730800000,0x000000c730900000)]
  0x000002406f620970 JavaThread "Notification Thread" daemon [_thread_blocked, id=17076, stack(0x000000c730900000,0x000000c730a00000)]
  0x000002406fd36ff0 JavaThread "C2 CompilerThread1" daemon [_thread_blocked, id=17328, stack(0x000000c731400000,0x000000c731500000)]

Other Threads:
  0x000002406adb63f0 VMThread "VM Thread" [stack: 0x000000c72fd00000,0x000000c72fe00000] [id=17016]
  0x000002404c45ed90 WatcherThread "VM Periodic Task Thread" [stack: 0x000000c730a00000,0x000000c730b00000] [id=17080]
  0x000002404c4bc0e0 WorkerThread "GC Thread#0" [stack: 0x000000c72f800000,0x000000c72f900000] [id=16988]
  0x000002406fbcec90 WorkerThread "GC Thread#1" [stack: 0x000000c730b00000,0x000000c730c00000] [id=17120]
  0x000002406fbf1710 WorkerThread "GC Thread#2" [stack: 0x000000c730c00000,0x000000c730d00000] [id=17128]
  0x000002406fbf1170 WorkerThread "GC Thread#3" [stack: 0x000000c730d00000,0x000000c730e00000] [id=17132]
  0x000002406fbf0ea0 WorkerThread "GC Thread#4" [stack: 0x000000c730e00000,0x000000c730f00000] [id=17136]
  0x000002406fbf1f80 WorkerThread "GC Thread#5" [stack: 0x000000c730f00000,0x000000c731000000] [id=17292]
  0x000002406fbf2250 WorkerThread "GC Thread#6" [stack: 0x000000c731000000,0x000000c731100000] [id=17296]
  0x000002406fbf2520 WorkerThread "GC Thread#7" [stack: 0x000000c731100000,0x000000c731200000] [id=17300]
  0x000002406fbf27f0 WorkerThread "GC Thread#8" [stack: 0x000000c731200000,0x000000c731300000] [id=17304]
  0x000002406fbf0bd0 WorkerThread "GC Thread#9" [stack: 0x000000c731300000,0x000000c731400000] [id=17308]
  0x000002404c4ccd70 ConcurrentGCThread "G1 Main Marker" [stack: 0x000000c72f900000,0x000000c72fa00000] [id=16992]
  0x000002404c4cd7a0 WorkerThread "G1 Conc#0" [stack: 0x000000c72fa00000,0x000000c72fb00000] [id=16996]
  0x00000240702ef270 WorkerThread "G1 Conc#1" [stack: 0x000000c731600000,0x000000c731700000] [id=16564]
  0x00000240702eefa0 WorkerThread "G1 Conc#2" [stack: 0x000000c731700000,0x000000c731800000] [id=16568]
  0x000002406ac6d530 ConcurrentGCThread "G1 Refine#0" [stack: 0x000000c72fb00000,0x000000c72fc00000] [id=17000]
  0x000002406ac6ff80 ConcurrentGCThread "G1 Service" [stack: 0x000000c72fc00000,0x000000c72fd00000] [id=17004]

Threads with active compile tasks:
C2 CompilerThread0     5668 3736       4       jdk.internal.org.objectweb.asm.SymbolTable::addConstantMemberReference (147 bytes)
C1 CompilerThread0     5668 3812       3       java.lang.invoke.MethodHandles::constant (88 bytes)

VM state: not at safepoint (normal execution)

VM Mutex/Monitor currently owned by a thread:  ([mutex/lock_event])
[0x000002404a1e6520] Metaspace_lock - owner thread: 0x000002406add90d0
[0x000002404c45ab50] MethodData_lock - owner thread: 0x000002406add90d0

Heap address: 0x000000008a400000, size: 1884 MB, Compressed Oops mode: 32-bit

CDS archive(s) mapped at: [0x0000000800000000-0x0000000800c40000-0x0000000800c40000), size 12845056, SharedBaseAddress: 0x0000000800000000, ArchiveRelocationMode: 0.
Compressed class space mapped at: 0x0000000801000000-0x0000000841000000, reserved size: 1073741824
Narrow klass base: 0x0000000800000000, Narrow klass shift: 0, Narrow klass range: 0x100000000

GC Precious Log:
 CardTable entry size: 512
 Card Set container configuration: InlinePtr #cards 5 size 8 Array Of Cards #cards 12 size 40 Howl #buckets 4 coarsen threshold 1843 Howl Bitmap #cards 512 size 80 coarsen threshold 460 Card regions per heap region 1 cards per card region 2048
 CPUs: 12 total, 12 available
 Memory: 7528M
 Large Page Support: Disabled
 NUMA Support: Disabled
 Compressed Oops: Enabled (32-bit)
 Heap Region Size: 1M
 Heap Min Capacity: 8M
 Heap Initial Capacity: 118M
 Heap Max Capacity: 1884M
 Pre-touch: Disabled
 Parallel Workers: 10
 Concurrent Workers: 3
 Concurrent Refinement Workers: 10
 Periodic GC: Disabled

Heap:
 garbage-first heap   total 71680K, used 33705K [0x000000008a400000, 0x0000000100000000)
  region size 1024K, 15 young (15360K), 1 survivors (1024K)
 Metaspace       used 29557K, committed 29888K, reserved 1114112K
  class space    used 3685K, committed 3840K, reserved 1048576K

Heap Regions: E=young(eden), S=young(survivor), O=old, HS=humongous(starts), HC=humongous(continues), CS=collection set, F=free, OA=open archive, CA=closed archive, TAMS=top-at-mark-start (previous, next)
|   0|0x000000008a400000, 0x000000008a500000, 0x000000008a500000|100%|HS|  |TAMS 0x000000008a500000, 0x000000008a400000| Complete 
|   1|0x000000008a500000, 0x000000008a600000, 0x000000008a600000|100%| O|  |TAMS 0x000000008a600000, 0x000000008a500000| Untracked 
|   2|0x000000008a600000, 0x000000008a700000, 0x000000008a700000|100%| O|  |TAMS 0x000000008a600000, 0x000000008a600000| Untracked 
|   3|0x000000008a700000, 0x000000008a800000, 0x000000008a800000|100%| O|  |TAMS 0x000000008a800000, 0x000000008a700000| Untracked 
|   4|0x000000008a800000, 0x000000008a900000, 0x000000008a900000|100%| O|  |TAMS 0x000000008a800000, 0x000000008a800000| Untracked 
|   5|0x000000008a900000, 0x000000008aa00000, 0x000000008aa00000|100%| O|  |TAMS 0x000000008a900000, 0x000000008a900000| Untracked 
|   6|0x000000008aa00000, 0x000000008ab00000, 0x000000008ab00000|100%| O|  |TAMS 0x000000008ab00000, 0x000000008aa00000| Untracked 
|   7|0x000000008ab00000, 0x000000008ac00000, 0x000000008ac00000|100%| O|  |TAMS 0x000000008ac00000, 0x000000008ab00000| Untracked 
|   8|0x000000008ac00000, 0x000000008ad00000, 0x000000008ad00000|100%| O|  |TAMS 0x000000008ad00000, 0x000000008ac00000| Untracked 
|   9|0x000000008ad00000, 0x000000008ae00000, 0x000000008ae00000|100%| O|  |TAMS 0x000000008ae00000, 0x000000008ad00000| Untracked 
|  10|0x000000008ae00000, 0x000000008af00000, 0x000000008af00000|100%| O|  |TAMS 0x000000008af00000, 0x000000008ae00000| Untracked 
|  11|0x000000008af00000, 0x000000008af00000, 0x000000008b000000|  0%| F|  |TAMS 0x000000008af00000, 0x000000008af00000| Untracked 
|  12|0x000000008b000000, 0x000000008b100000, 0x000000008b100000|100%| O|  |TAMS 0x000000008b100000, 0x000000008b000000| Untracked 
|  13|0x000000008b100000, 0x000000008b200000, 0x000000008b200000|100%| O|  |TAMS 0x000000008b200000, 0x000000008b100000| Untracked 
|  14|0x000000008b200000, 0x000000008b300000, 0x000000008b300000|100%| O|  |TAMS 0x000000008b300000, 0x000000008b200000| Untracked 
|  15|0x000000008b300000, 0x000000008b400000, 0x000000008b400000|100%| O|  |TAMS 0x000000008b400000, 0x000000008b300000| Untracked 
|  16|0x000000008b400000, 0x000000008b500000, 0x000000008b500000|100%| O|  |TAMS 0x000000008b500000, 0x000000008b400000| Untracked 
|  17|0x000000008b500000, 0x000000008b55ee00, 0x000000008b600000| 37%| O|  |TAMS 0x000000008b55ee00, 0x000000008b500000| Untracked 
|  18|0x000000008b600000, 0x000000008b700000, 0x000000008b700000|100%| O|  |TAMS 0x000000008b600000, 0x000000008b600000| Untracked 
|  19|0x000000008b700000, 0x000000008b800000, 0x000000008b800000|100%| O|  |TAMS 0x000000008b700000, 0x000000008b700000| Untracked 
|  20|0x000000008b800000, 0x000000008b900000, 0x000000008b900000|100%| O|  |TAMS 0x000000008b800000, 0x000000008b800000| Untracked 
|  21|0x000000008b900000, 0x000000008b9c6400, 0x000000008ba00000| 77%| O|  |TAMS 0x000000008b900000, 0x000000008b900000| Untracked 
|  22|0x000000008ba00000, 0x000000008ba00000, 0x000000008bb00000|  0%| F|  |TAMS 0x000000008ba00000, 0x000000008ba00000| Untracked 
|  23|0x000000008bb00000, 0x000000008bb00000, 0x000000008bc00000|  0%| F|  |TAMS 0x000000008bb00000, 0x000000008bb00000| Untracked 
|  24|0x000000008bc00000, 0x000000008bc00000, 0x000000008bd00000|  0%| F|  |TAMS 0x000000008bc00000, 0x000000008bc00000| Untracked 
|  25|0x000000008bd00000, 0x000000008bd00000, 0x000000008be00000|  0%| F|  |TAMS 0x000000008bd00000, 0x000000008bd00000| Untracked 
|  26|0x000000008be00000, 0x000000008be00000, 0x000000008bf00000|  0%| F|  |TAMS 0x000000008be00000, 0x000000008be00000| Untracked 
|  27|0x000000008bf00000, 0x000000008bf00000, 0x000000008c000000|  0%| F|  |TAMS 0x000000008bf00000, 0x000000008bf00000| Untracked 
|  28|0x000000008c000000, 0x000000008c000000, 0x000000008c100000|  0%| F|  |TAMS 0x000000008c000000, 0x000000008c000000| Untracked 
|  29|0x000000008c100000, 0x000000008c100000, 0x000000008c200000|  0%| F|  |TAMS 0x000000008c100000, 0x000000008c100000| Untracked 
|  30|0x000000008c200000, 0x000000008c200000, 0x000000008c300000|  0%| F|  |TAMS 0x000000008c200000, 0x000000008c200000| Untracked 
|  31|0x000000008c300000, 0x000000008c300000, 0x000000008c400000|  0%| F|  |TAMS 0x000000008c300000, 0x000000008c300000| Untracked 
|  32|0x000000008c400000, 0x000000008c400000, 0x000000008c500000|  0%| F|  |TAMS 0x000000008c400000, 0x000000008c400000| Untracked 
|  33|0x000000008c500000, 0x000000008c500000, 0x000000008c600000|  0%| F|  |TAMS 0x000000008c500000, 0x000000008c500000| Untracked 
|  34|0x000000008c600000, 0x000000008c600000, 0x000000008c700000|  0%| F|  |TAMS 0x000000008c600000, 0x000000008c600000| Untracked 
|  35|0x000000008c700000, 0x000000008c700000, 0x000000008c800000|  0%| F|  |TAMS 0x000000008c700000, 0x000000008c700000| Untracked 
|  36|0x000000008c800000, 0x000000008c800000, 0x000000008c900000|  0%| F|  |TAMS 0x000000008c800000, 0x000000008c800000| Untracked 
|  37|0x000000008c900000, 0x000000008c900000, 0x000000008ca00000|  0%| F|  |TAMS 0x000000008c900000, 0x000000008c900000| Untracked 
|  38|0x000000008ca00000, 0x000000008ca00000, 0x000000008cb00000|  0%| F|  |TAMS 0x000000008ca00000, 0x000000008ca00000| Untracked 
|  39|0x000000008cb00000, 0x000000008cb00000, 0x000000008cc00000|  0%| F|  |TAMS 0x000000008cb00000, 0x000000008cb00000| Untracked 
|  40|0x000000008cc00000, 0x000000008cc00000, 0x000000008cd00000|  0%| F|  |TAMS 0x000000008cc00000, 0x000000008cc00000| Untracked 
|  41|0x000000008cd00000, 0x000000008cd00000, 0x000000008ce00000|  0%| F|  |TAMS 0x000000008cd00000, 0x000000008cd00000| Untracked 
|  42|0x000000008ce00000, 0x000000008ce00000, 0x000000008cf00000|  0%| F|  |TAMS 0x000000008ce00000, 0x000000008ce00000| Untracked 
|  43|0x000000008cf00000, 0x000000008cf00000, 0x000000008d000000|  0%| F|  |TAMS 0x000000008cf00000, 0x000000008cf00000| Untracked 
|  44|0x000000008d000000, 0x000000008d000000, 0x000000008d100000|  0%| F|  |TAMS 0x000000008d000000, 0x000000008d000000| Untracked 
|  45|0x000000008d100000, 0x000000008d100000, 0x000000008d200000|  0%| F|  |TAMS 0x000000008d100000, 0x000000008d100000| Untracked 
|  46|0x000000008d200000, 0x000000008d200000, 0x000000008d300000|  0%| F|  |TAMS 0x000000008d200000, 0x000000008d200000| Untracked 
|  47|0x000000008d300000, 0x000000008d300000, 0x000000008d400000|  0%| F|  |TAMS 0x000000008d300000, 0x000000008d300000| Untracked 
|  48|0x000000008d400000, 0x000000008d400000, 0x000000008d500000|  0%| F|  |TAMS 0x000000008d400000, 0x000000008d400000| Untracked 
|  49|0x000000008d500000, 0x000000008d500000, 0x000000008d600000|  0%| F|  |TAMS 0x000000008d500000, 0x000000008d500000| Untracked 
|  50|0x000000008d600000, 0x000000008d600000, 0x000000008d700000|  0%| F|  |TAMS 0x000000008d600000, 0x000000008d600000| Untracked 
|  51|0x000000008d700000, 0x000000008d700000, 0x000000008d800000|  0%| F|  |TAMS 0x000000008d700000, 0x000000008d700000| Untracked 
|  52|0x000000008d800000, 0x000000008d800000, 0x000000008d900000|  0%| F|  |TAMS 0x000000008d800000, 0x000000008d800000| Untracked 
|  53|0x000000008d900000, 0x000000008d900000, 0x000000008da00000|  0%| F|  |TAMS 0x000000008d900000, 0x000000008d900000| Untracked 
|  54|0x000000008da00000, 0x000000008da00000, 0x000000008db00000|  0%| F|  |TAMS 0x000000008da00000, 0x000000008da00000| Untracked 
|  55|0x000000008db00000, 0x000000008db71018, 0x000000008dc00000| 44%| E|  |TAMS 0x000000008db00000, 0x000000008db00000| Complete 
|  56|0x000000008dc00000, 0x000000008dd00000, 0x000000008dd00000|100%| E|CS|TAMS 0x000000008dc00000, 0x000000008dc00000| Complete 
|  57|0x000000008dd00000, 0x000000008de00000, 0x000000008de00000|100%| E|CS|TAMS 0x000000008dd00000, 0x000000008dd00000| Complete 
|  58|0x000000008de00000, 0x000000008df00000, 0x000000008df00000|100%| E|CS|TAMS 0x000000008de00000, 0x000000008de00000| Complete 
|  59|0x000000008df00000, 0x000000008e000000, 0x000000008e000000|100%| E|CS|TAMS 0x000000008df00000, 0x000000008df00000| Complete 
|  60|0x000000008e000000, 0x000000008e100000, 0x000000008e100000|100%| E|CS|TAMS 0x000000008e000000, 0x000000008e000000| Complete 
|  61|0x000000008e100000, 0x000000008e200000, 0x000000008e200000|100%| E|CS|TAMS 0x000000008e100000, 0x000000008e100000| Complete 
|  62|0x000000008e200000, 0x000000008e300000, 0x000000008e300000|100%| E|  |TAMS 0x000000008e200000, 0x000000008e200000| Complete 
|  63|0x000000008e300000, 0x000000008e400000, 0x000000008e400000|100%| E|CS|TAMS 0x000000008e300000, 0x000000008e300000| Complete 
| 103|0x0000000090b00000, 0x0000000090c00000, 0x0000000090c00000|100%| E|CS|TAMS 0x0000000090b00000, 0x0000000090b00000| Complete 
| 104|0x0000000090c00000, 0x0000000090d00000, 0x0000000090d00000|100%| E|CS|TAMS 0x0000000090c00000, 0x0000000090c00000| Complete 
| 105|0x0000000090d00000, 0x0000000090e00000, 0x0000000090e00000|100%| E|CS|TAMS 0x0000000090d00000, 0x0000000090d00000| Complete 
| 106|0x0000000090e00000, 0x0000000090f00000, 0x0000000090f00000|100%| E|CS|TAMS 0x0000000090e00000, 0x0000000090e00000| Complete 
| 116|0x0000000091800000, 0x00000000918c53f0, 0x0000000091900000| 77%| S|CS|TAMS 0x0000000091800000, 0x0000000091800000| Complete 
| 117|0x0000000091900000, 0x0000000091a00000, 0x0000000091a00000|100%| E|CS|TAMS 0x0000000091900000, 0x0000000091900000| Complete 

Card table byte_map: [0x0000024063f40000,0x00000240642f0000] _byte_map_base: 0x0000024063aee000

Marking Bits (Prev, Next): (CMBitMap*) 0x000002404c4bd760, (CMBitMap*) 0x000002404c4bd720
 Prev Bits: [0x0000024066410000, 0x0000024068180000)
 Next Bits: [0x00000240646a0000, 0x0000024066410000)

Polling page: 0x000002404a1c0000

Metaspace:

Usage:
  Non-class:     25.27 MB used.
      Class:      3.60 MB used.
       Both:     28.86 MB used.

Virtual space:
  Non-class space:       64.00 MB reserved,      25.44 MB ( 40%) committed,  1 nodes.
      Class space:        1.00 GB reserved,       3.75 MB ( <1%) committed,  1 nodes.
             Both:        1.06 GB reserved,      29.19 MB (  3%) committed. 

Chunk freelists:
   Non-Class:  1.91 MB
       Class:  132.00 KB
        Both:  2.04 MB

MaxMetaspaceSize: unlimited
CompressedClassSpaceSize: 1.00 GB
Initial GC threshold: 21.00 MB
Current GC threshold: 35.25 MB
CDS: on
MetaspaceReclaimPolicy: balanced
 - commit_granule_bytes: 65536.
 - commit_granule_words: 8192.
 - virtual_space_node_default_size: 8388608.
 - enlarge_chunks_in_place: 1.
 - new_chunks_are_fully_committed: 0.
 - uncommit_free_chunks: 1.
 - use_allocation_guard: 0.


Internal statistics:

num_allocs_failed_limit: 5.
num_arena_births: 454.
num_arena_deaths: 0.
num_vsnodes_births: 2.
num_vsnodes_deaths: 0.
num_space_committed: 467.
num_space_uncommitted: 0.
num_chunks_returned_to_freelist: 5.
num_chunks_taken_from_freelist: 1361.
num_chunk_merges: 5.
num_chunk_splits: 1001.
num_chunks_enlarged: 813.
num_inconsistent_stats: 0.

CodeHeap 'non-profiled nmethods': size=120000Kb used=1756Kb max_used=1756Kb free=118243Kb
 bounds [0x000002405c110000, 0x000002405c380000, 0x0000024063640000]
CodeHeap 'profiled nmethods': size=120000Kb used=7763Kb max_used=7763Kb free=112236Kb
 bounds [0x0000024054640000, 0x0000024054de0000, 0x000002405bb70000]
CodeHeap 'non-nmethods': size=5760Kb used=1355Kb max_used=1355Kb free=4404Kb
 bounds [0x000002405bb70000, 0x000002405bde0000, 0x000002405c110000]
 total_blobs=4351 nmethods=3810 adapters=448
 compilation: enabled
              stopped_count=0, restarted_count=0
 full_count=0

Compilation events (20 events):
Event: 5.597 Thread 0x000002406add90d0 3802       3       sun.nio.fs.WindowsFileAttributes::isSymbolicLink (15 bytes)
Event: 5.597 Thread 0x000002406add90d0 nmethod 3802 0x0000024054dd1c10 code [0x0000024054dd1da0, 0x0000024054dd1f18]
Event: 5.597 Thread 0x000002406add90d0 3805       3       sun.nio.fs.WindowsPath::equals (28 bytes)
Event: 5.598 Thread 0x000002406add90d0 nmethod 3805 0x0000024054dd1f90 code [0x0000024054dd2160, 0x0000024054dd25c8]
Event: 5.599 Thread 0x000002406add90d0 3806       3       java.nio.file.FileTreeWalker$Event::<init> (26 bytes)
Event: 5.599 Thread 0x000002406add90d0 nmethod 3806 0x0000024054dd2690 code [0x0000024054dd2840, 0x0000024054dd2b18]
Event: 5.599 Thread 0x000002406add90d0 3808   !   3       sun.nio.fs.WindowsDirectoryStream$WindowsDirectoryIterator::readNextEntry (192 bytes)
Event: 5.601 Thread 0x000002406add90d0 nmethod 3808 0x0000024054dd2c10 code [0x0000024054dd2ee0, 0x0000024054dd3b98]
Event: 5.601 Thread 0x000002406add90d0 3807  s    3       sun.nio.fs.WindowsDirectoryStream$WindowsDirectoryIterator::hasNext (35 bytes)
Event: 5.601 Thread 0x000002406add90d0 nmethod 3807 0x0000024054dd4210 code [0x0000024054dd43c0, 0x0000024054dd46e8]
Event: 5.601 Thread 0x000002406add90d0 3810       1       sun.nio.fs.WindowsFileAttributes::fileKey (2 bytes)
Event: 5.601 Thread 0x000002406add90d0 nmethod 3810 0x000002405c2c5990 code [0x000002405c2c5b20, 0x000002405c2c5bf8]
Event: 5.603 Thread 0x000002406add90d0 3811       3       org.springframework.beans.factory.support.AbstractBeanDefinition::hasPropertyValues (23 bytes)
Event: 5.604 Thread 0x000002406fd36ff0 nmethod 3804 0x000002405c2c5c90 code [0x000002405c2c5e40, 0x000002405c2c62b8]
Event: 5.604 Thread 0x000002406fd36ff0 3803       4       jdk.internal.misc.Unsafe::getLong (7 bytes)
Event: 5.604 Thread 0x000002406add90d0 nmethod 3811 0x0000024054dd4790 code [0x0000024054dd4940, 0x0000024054dd4c28]
Event: 5.604 Thread 0x000002406fd36ff0 nmethod 3803 0x000002405c2c6690 code [0x000002405c2c6800, 0x000002405c2c6878]
Event: 5.604 Thread 0x000002406fd36ff0 3798       4       java.util.Arrays::copyOf (40 bytes)
Event: 5.610 Thread 0x000002406fd36ff0 nmethod 3798 0x000002405c2c6990 code [0x000002405c2c6b20, 0x000002405c2c6f78]
Event: 5.633 Thread 0x000002406add90d0 3812       3       java.lang.invoke.MethodHandles::constant (88 bytes)

GC Heap History (12 events):
Event: 0.915 GC heap before
{Heap before GC invocations=0 (full 0):
 garbage-first heap   total 120832K, used 28672K [0x000000008a400000, 0x0000000100000000)
  region size 1024K, 23 young (23552K), 0 survivors (0K)
 Metaspace       used 3659K, committed 3840K, reserved 1114112K
  class space    used 348K, committed 448K, reserved 1048576K
}
Event: 0.933 GC heap after
{Heap after GC invocations=1 (full 0):
 garbage-first heap   total 120832K, used 13912K [0x000000008a400000, 0x0000000100000000)
  region size 1024K, 3 young (3072K), 3 survivors (3072K)
 Metaspace       used 3659K, committed 3840K, reserved 1114112K
  class space    used 348K, committed 448K, reserved 1048576K
}
Event: 1.887 GC heap before
{Heap before GC invocations=1 (full 0):
 garbage-first heap   total 120832K, used 34392K [0x000000008a400000, 0x0000000100000000)
  region size 1024K, 23 young (23552K), 3 survivors (3072K)
 Metaspace       used 9491K, committed 9792K, reserved 1114112K
  class space    used 1062K, committed 1216K, reserved 1048576K
}
Event: 1.905 GC heap after
{Heap after GC invocations=2 (full 0):
 garbage-first heap   total 120832K, used 17787K [0x000000008a400000, 0x0000000100000000)
  region size 1024K, 3 young (3072K), 3 survivors (3072K)
 Metaspace       used 9491K, committed 9792K, reserved 1114112K
  class space    used 1062K, committed 1216K, reserved 1048576K
}
Event: 3.342 GC heap before
{Heap before GC invocations=2 (full 0):
 garbage-first heap   total 120832K, used 53627K [0x000000008a400000, 0x0000000100000000)
  region size 1024K, 39 young (39936K), 3 survivors (3072K)
 Metaspace       used 19182K, committed 19584K, reserved 1114112K
  class space    used 2360K, committed 2560K, reserved 1048576K
}
Event: 3.355 GC heap after
{Heap after GC invocations=3 (full 0):
 garbage-first heap   total 120832K, used 20552K [0x000000008a400000, 0x0000000100000000)
  region size 1024K, 3 young (3072K), 3 survivors (3072K)
 Metaspace       used 19182K, committed 19584K, reserved 1114112K
  class space    used 2360K, committed 2560K, reserved 1048576K
}
Event: 3.814 GC heap before
{Heap before GC invocations=3 (full 0):
 garbage-first heap   total 120832K, used 30792K [0x000000008a400000, 0x0000000100000000)
  region size 1024K, 14 young (14336K), 3 survivors (3072K)
 Metaspace       used 21142K, committed 21504K, reserved 1114112K
  class space    used 2556K, committed 2752K, reserved 1048576K
}
Event: 3.822 GC heap after
{Heap after GC invocations=4 (full 0):
 garbage-first heap   total 120832K, used 21765K [0x000000008a400000, 0x0000000100000000)
  region size 1024K, 4 young (4096K), 4 survivors (4096K)
 Metaspace       used 21142K, committed 21504K, reserved 1114112K
  class space    used 2556K, committed 2752K, reserved 1048576K
}
Event: 5.100 GC heap before
{Heap before GC invocations=5 (full 0):
 garbage-first heap   total 71680K, used 57605K [0x000000008a400000, 0x0000000100000000)
  region size 1024K, 42 young (43008K), 4 survivors (4096K)
 Metaspace       used 26583K, committed 26944K, reserved 1114112K
  class space    used 3228K, committed 3392K, reserved 1048576K
}
Event: 5.109 GC heap after
{Heap after GC invocations=6 (full 0):
 garbage-first heap   total 71680K, used 21768K [0x000000008a400000, 0x0000000100000000)
  region size 1024K, 5 young (5120K), 5 survivors (5120K)
 Metaspace       used 26583K, committed 26944K, reserved 1114112K
  class space    used 3228K, committed 3392K, reserved 1048576K
}
Event: 5.125 GC heap before
{Heap before GC invocations=6 (full 0):
 garbage-first heap   total 71680K, used 22792K [0x000000008a400000, 0x0000000100000000)
  region size 1024K, 6 young (6144K), 5 survivors (5120K)
 Metaspace       used 26810K, committed 27136K, reserved 1114112K
  class space    used 3251K, committed 3392K, reserved 1048576K
}
Event: 5.131 GC heap after
{Heap after GC invocations=7 (full 0):
 garbage-first heap   total 71680K, used 21417K [0x000000008a400000, 0x0000000100000000)
  region size 1024K, 1 young (1024K), 1 survivors (1024K)
 Metaspace       used 26810K, committed 27136K, reserved 1114112K
  class space    used 3251K, committed 3392K, reserved 1048576K
}

Dll operation events (11 events):
Event: 0.017 Loaded shared library C:\Users\DELL 5515\.jdks\corretto-19.0.2\bin\java.dll
Event: 0.032 Loaded shared library C:\Users\DELL 5515\.jdks\corretto-19.0.2\bin\jsvml.dll
Event: 0.180 Loaded shared library C:\Users\DELL 5515\.jdks\corretto-19.0.2\bin\zip.dll
Event: 0.184 Loaded shared library C:\Users\DELL 5515\.jdks\corretto-19.0.2\bin\instrument.dll
Event: 0.192 Loaded shared library C:\Users\DELL 5515\.jdks\corretto-19.0.2\bin\net.dll
Event: 0.194 Loaded shared library C:\Users\DELL 5515\.jdks\corretto-19.0.2\bin\nio.dll
Event: 0.197 Loaded shared library C:\Users\DELL 5515\.jdks\corretto-19.0.2\bin\zip.dll
Event: 0.438 Loaded shared library C:\Program Files\JetBrains\IntelliJ IDEA Community Edition 2022.2\bin\breakgen64.dll
Event: 0.451 Loaded shared library C:\Users\DELL 5515\.jdks\corretto-19.0.2\bin\extnet.dll
Event: 0.519 Loaded shared library C:\Users\DELL 5515\.jdks\corretto-19.0.2\bin\jimage.dll
Event: 4.303 Loaded shared library C:\Users\DELL 5515\.jdks\corretto-19.0.2\bin\sunmscapi.dll

Deoptimization events (20 events):
Event: 5.306 Thread 0x000002404c45de60 DEOPT PACKING pc=0x000002405c2414d8 sp=0x000000c72f7fe3b0
Event: 5.306 Thread 0x000002404c45de60 DEOPT UNPACKING pc=0x000002405bbd6da3 sp=0x000000c72f7fe320 mode 2
Event: 5.306 Thread 0x000002404c45de60 Uncommon trap: trap_request=0xffffff45 fr.pc=0x000002405c22514c relative=0x000000000000020c
Event: 5.306 Thread 0x000002404c45de60 Uncommon trap: reason=unstable_if action=reinterpret pc=0x000002405c22514c method=java.util.Properties$LineReader.readLine()I @ 430 c2
Event: 5.306 Thread 0x000002404c45de60 DEOPT PACKING pc=0x000002405c22514c sp=0x000000c72f7fe380
Event: 5.306 Thread 0x000002404c45de60 DEOPT UNPACKING pc=0x000002405bbd6da3 sp=0x000000c72f7fe320 mode 2
Event: 5.306 Thread 0x000002404c45de60 DEOPT PACKING pc=0x0000024054bb625e sp=0x000000c72f7fe340
Event: 5.306 Thread 0x000002404c45de60 DEOPT UNPACKING pc=0x000002405bbd7543 sp=0x000000c72f7fd828 mode 0
Event: 5.308 Thread 0x000002404c45de60 Uncommon trap: trap_request=0xffffff45 fr.pc=0x000002405c243468 relative=0x0000000000000768
Event: 5.308 Thread 0x000002404c45de60 Uncommon trap: reason=unstable_if action=reinterpret pc=0x000002405c243468 method=java.util.Properties.load0(Ljava/util/Properties$LineReader;)V @ 160 c2
Event: 5.308 Thread 0x000002404c45de60 DEOPT PACKING pc=0x000002405c243468 sp=0x000000c72f7fe420
Event: 5.308 Thread 0x000002404c45de60 DEOPT UNPACKING pc=0x000002405bbd6da3 sp=0x000000c72f7fe3c8 mode 2
Event: 5.320 Thread 0x000002404c45de60 Uncommon trap: trap_request=0xffffff45 fr.pc=0x000002405c29a834 relative=0x00000000000002d4
Event: 5.320 Thread 0x000002404c45de60 Uncommon trap: reason=unstable_if action=reinterpret pc=0x000002405c29a834 method=org.springframework.beans.factory.support.AbstractBeanFactory.getMergedLocalBeanDefinition(Ljava/lang/String;)Lorg/springframework/beans/factory/support/RootBeanDefinition; 
Event: 5.320 Thread 0x000002404c45de60 DEOPT PACKING pc=0x000002405c29a834 sp=0x000000c72f7fe150
Event: 5.320 Thread 0x000002404c45de60 DEOPT UNPACKING pc=0x000002405bbd6da3 sp=0x000000c72f7fe0f8 mode 2
Event: 5.614 Thread 0x000002404c45de60 Uncommon trap: trap_request=0xffffffcc fr.pc=0x000002405c2c6e48 relative=0x0000000000000328
Event: 5.614 Thread 0x000002404c45de60 Uncommon trap: reason=intrinsic_or_type_checked_inlining action=make_not_entrant pc=0x000002405c2c6e48 method=java.util.Arrays.copyOf([Ljava/lang/Object;ILjava/lang/Class;)[Ljava/lang/Object; @ 35 c2
Event: 5.614 Thread 0x000002404c45de60 DEOPT PACKING pc=0x000002405c2c6e48 sp=0x000000c72f7fd9c0
Event: 5.614 Thread 0x000002404c45de60 DEOPT UNPACKING pc=0x000002405bbd6da3 sp=0x000000c72f7fd950 mode 2

Classes loaded (20 events):
Event: 4.374 Loading class java/util/stream/Streams$ConcatSpliterator done
Event: 4.374 Loading class java/util/stream/Streams$ConcatSpliterator$OfRef done
Event: 4.374 Loading class java/util/stream/Streams$2
Event: 4.374 Loading class java/util/stream/Streams$2 done
Event: 4.910 Loading class java/util/LinkedList$LLSpliterator
Event: 4.910 Loading class java/util/LinkedList$LLSpliterator done
Event: 5.348 Loading class java/lang/foreign/MemorySegment
Event: 5.348 Loading class java/lang/foreign/Addressable
Event: 5.348 Loading class java/lang/foreign/Addressable done
Event: 5.348 Loading class java/lang/foreign/MemorySegment done
Event: 5.500 Loading class java/util/concurrent/Flow$Publisher
Event: 5.500 Loading class java/util/concurrent/Flow$Publisher done
Event: 5.552 Loading class java/util/concurrent/CompletionStage
Event: 5.552 Loading class java/util/concurrent/CompletionStage done
Event: 5.556 Loading class java/util/concurrent/CompletableFuture
Event: 5.558 Loading class java/util/concurrent/CompletableFuture done
Event: 5.631 Loading class java/util/stream/ReferencePipeline$15
Event: 5.631 Loading class java/util/stream/ReferencePipeline$15 done
Event: 5.633 Loading class java/util/stream/ReferencePipeline$15$1
Event: 5.633 Loading class java/util/stream/ReferencePipeline$15$1 done

Classes unloaded (0 events):
No events

Classes redefined (0 events):
No events

Internal exceptions (20 events):
Event: 2.309 Thread 0x000002404c45de60 Exception <a 'java/lang/NoSuchMethodError'{0x0000000091486290}: 'java.lang.Object java.lang.invoke.DirectMethodHandle$Holder.invokeVirtual(java.lang.Object, java.lang.Object, java.lang.Object)'> (0x0000000091486290) 
thrown [s\src\hotspot\share\interpreter\linkResolver.cpp, line 774]
Event: 2.335 Thread 0x000002404c45de60 Exception <a 'java/lang/NoSuchMethodError'{0x000000009133b378}: 'void java.lang.invoke.DirectMethodHandle$Holder.invokeVirtual(java.lang.Object, java.lang.Object, java.lang.Object, java.lang.Object)'> (0x000000009133b378) 
thrown [s\src\hotspot\share\interpreter\linkResolver.cpp, line 774]
Event: 2.485 Thread 0x000002404c45de60 Exception <a 'java/lang/IncompatibleClassChangeError'{0x00000000911c2028}: Found class java.lang.Object, but interface was expected> (0x00000000911c2028) 
thrown [s\src\hotspot\share\interpreter\linkResolver.cpp, line 841]
Event: 3.029 Thread 0x000002404c45de60 Exception <a 'sun/nio/fs/WindowsException'{0x000000008faf9700}> (0x000000008faf9700) 
thrown [s\src\hotspot\share\prims\jni.cpp, line 517]
Event: 3.032 Thread 0x000002404c45de60 Exception <a 'java/lang/NoSuchMethodError'{0x000000008fafb078}: 'int java.lang.invoke.DirectMethodHandle$Holder.invokeSpecial(java.lang.Object, java.lang.Object, java.lang.Object, java.lang.Object, java.lang.Object)'> (0x000000008fafb078) 
thrown [s\src\hotspot\share\interpreter\linkResolver.cpp, line 774]
Event: 3.040 Thread 0x000002404c45de60 Exception <a 'java/lang/NoSuchMethodError'{0x000000008f90a070}: 'void java.lang.invoke.DirectMethodHandle$Holder.invokeVirtual(java.lang.Object, java.lang.Object)'> (0x000000008f90a070) 
thrown [s\src\hotspot\share\interpreter\linkResolver.cpp, line 774]
Event: 3.905 Thread 0x000002404c45de60 Exception <a 'java/lang/IncompatibleClassChangeError'{0x00000000918e7f58}: Found class java.lang.Object, but interface was expected> (0x00000000918e7f58) 
thrown [s\src\hotspot\share\interpreter\linkResolver.cpp, line 841]
Event: 4.147 Thread 0x000002407000a9b0 Exception <a 'java/lang/NoSuchMethodError'{0x000000008da30b18}: 'long java.lang.invoke.DirectMethodHandle$Holder.invokeSpecial(java.lang.Object, java.lang.Object)'> (0x000000008da30b18) 
thrown [s\src\hotspot\share\interpreter\linkResolver.cpp, line 774]
Event: 4.149 Thread 0x000002404c45de60 Exception <a 'java/lang/IncompatibleClassChangeError'{0x000000008da6d410}: Found class java.lang.Object, but interface was expected> (0x000000008da6d410) 
thrown [s\src\hotspot\share\interpreter\linkResolver.cpp, line 841]
Event: 4.152 Thread 0x000002407000a9b0 Exception <a 'java/lang/NoSuchMethodError'{0x000000008da3ba40}: 'long java.lang.invoke.DirectMethodHandle$Holder.invokeStatic(java.lang.Object, java.lang.Object)'> (0x000000008da3ba40) 
thrown [s\src\hotspot\share\interpreter\linkResolver.cpp, line 774]
Event: 4.154 Thread 0x000002407000a9b0 Exception <a 'java/lang/NoSuchMethodError'{0x000000008da3ed98}: 'long java.lang.invoke.DirectMethodHandle$Holder.invokeStaticInit(java.lang.Object, java.lang.Object)'> (0x000000008da3ed98) 
thrown [s\src\hotspot\share\interpreter\linkResolver.cpp, line 774]
Event: 4.161 Thread 0x000002407000a9b0 Exception <a 'java/lang/NoSuchMethodError'{0x000000008da4cb00}: 'long java.lang.invoke.DirectMethodHandle$Holder.invokeInterface(java.lang.Object, java.lang.Object)'> (0x000000008da4cb00) 
thrown [s\src\hotspot\share\interpreter\linkResolver.cpp, line 774]
Event: 4.162 Thread 0x000002407000a9b0 Exception <a 'java/lang/IncompatibleClassChangeError'{0x000000008da4fde8}: Found class java.lang.Object, but interface was expected> (0x000000008da4fde8) 
thrown [s\src\hotspot\share\interpreter\linkResolver.cpp, line 841]
Event: 4.176 Thread 0x000002407000a9b0 Exception <a 'java/lang/NoSuchMethodError'{0x000000008d909230}: 'java.lang.Object java.lang.invoke.DirectMethodHandle$Holder.invokeVirtual(java.lang.Object, java.lang.Object, java.lang.Object, java.lang.Object)'> (0x000000008d909230) 
thrown [s\src\hotspot\share\interpreter\linkResolver.cpp, line 774]
Event: 4.895 Thread 0x000002404c45de60 Exception <a 'sun/nio/fs/WindowsException'{0x000000008c645408}> (0x000000008c645408) 
thrown [s\src\hotspot\share\prims\jni.cpp, line 517]
Event: 5.337 Thread 0x000002404c45de60 Exception <a 'sun/nio/fs/WindowsException'{0x000000008e135248}> (0x000000008e135248) 
thrown [s\src\hotspot\share\prims\jni.cpp, line 517]
Event: 5.497 Thread 0x000002404c45de60 Exception <a 'java/lang/NoSuchMethodError'{0x000000008dd0b9a8}: 'int java.lang.invoke.DirectMethodHandle$Holder.invokeStatic(java.lang.Object)'> (0x000000008dd0b9a8) 
thrown [s\src\hotspot\share\interpreter\linkResolver.cpp, line 774]
Event: 5.497 Thread 0x000002404c45de60 Exception <a 'java/lang/NoSuchMethodError'{0x000000008dd0f308}: 'int java.lang.invoke.DirectMethodHandle$Holder.invokeStaticInit(java.lang.Object)'> (0x000000008dd0f308) 
thrown [s\src\hotspot\share\interpreter\linkResolver.cpp, line 774]
Event: 5.587 Thread 0x000002404c45de60 Exception <a 'sun/nio/fs/WindowsException'{0x000000008dcb9a38}> (0x000000008dcb9a38) 
thrown [s\src\hotspot\share\prims\jni.cpp, line 517]
Event: 5.612 Thread 0x000002404c45de60 Exception <a 'java/lang/NoSuchMethodError'{0x000000008db0b128}: 'java.lang.Object java.lang.invoke.DirectMethodHandle$Holder.invokeSpecialIFC(java.lang.Object, java.lang.Object, java.lang.Object)'> (0x000000008db0b128) 
thrown [s\src\hotspot\share\interpreter\linkResolver.cpp, line 774]

VM Operations (20 events):
Event: 4.900 Executing VM operation: ICBufferFull
Event: 4.900 Executing VM operation: ICBufferFull done
Event: 5.100 Executing VM operation: G1CollectForAllocation
Event: 5.109 Executing VM operation: G1CollectForAllocation done
Event: 5.125 Executing VM operation: G1CollectForAllocation
Event: 5.131 Executing VM operation: G1CollectForAllocation done
Event: 5.182 Executing VM operation: HandshakeAllThreads
Event: 5.182 Executing VM operation: HandshakeAllThreads done
Event: 5.232 Executing VM operation: HandshakeAllThreads
Event: 5.232 Executing VM operation: HandshakeAllThreads done
Event: 5.316 Executing VM operation: HandshakeAllThreads
Event: 5.316 Executing VM operation: HandshakeAllThreads done
Event: 5.317 Executing VM operation: HandshakeAllThreads
Event: 5.317 Executing VM operation: HandshakeAllThreads done
Event: 5.327 Executing VM operation: HandshakeAllThreads
Event: 5.327 Executing VM operation: HandshakeAllThreads done
Event: 5.328 Executing VM operation: HandshakeAllThreads
Event: 5.329 Executing VM operation: HandshakeAllThreads done
Event: 5.498 Executing VM operation: HandshakeAllThreads
Event: 5.498 Executing VM operation: HandshakeAllThreads done

Events (20 events):
Event: 0.033 Thread 0x000002404c45de60 Thread added: 0x000002404c45de60
Event: 0.054 Thread 0x000002406adcdbc0 Thread added: 0x000002406adcdbc0
Event: 0.054 Thread 0x000002406adce7b0 Thread added: 0x000002406adce7b0
Event: 0.055 Thread 0x000002406add05b0 Thread added: 0x000002406add05b0
Event: 0.055 Thread 0x000002406add0ee0 Thread added: 0x000002406add0ee0
Event: 0.055 Thread 0x000002406add1810 Thread added: 0x000002406add1810
Event: 0.055 Thread 0x000002406add2140 Thread added: 0x000002406add2140
Event: 0.055 Thread 0x000002406add5dc0 Thread added: 0x000002406add5dc0
Event: 0.055 Thread 0x000002406add90d0 Thread added: 0x000002406add90d0
Event: 0.056 Thread 0x000002406addaa50 Thread added: 0x000002406addaa50
Event: 0.158 Thread 0x000002406f0c9900 Thread added: 0x000002406f0c9900
Event: 0.439 Thread 0x000002406f314ca0 Thread added: 0x000002406f314ca0
Event: 0.439 Thread 0x000002406f620970 Thread added: 0x000002406f620970
Event: 2.113 Thread 0x000002406fd36ff0 Thread added: 0x000002406fd36ff0
Event: 2.280 Thread 0x000002407013ce90 Thread added: 0x000002407013ce90
Event: 2.289 Thread 0x000002407013ce90 Thread exited: 0x000002407013ce90
Event: 2.479 Thread 0x000002407000a9b0 Thread added: 0x000002407000a9b0
Event: 3.947 Thread 0x0000024070ba83a0 Thread added: 0x0000024070ba83a0
Event: 4.116 Thread 0x0000024070ba83a0 Thread exited: 0x0000024070ba83a0
Event: 4.359 Thread 0x000002407000a9b0 Thread exited: 0x000002407000a9b0


Dynamic libraries:
0x00007ff68c560000 - 0x00007ff68c56d000 	C:\Users\DELL 5515\.jdks\corretto-19.0.2\bin\java.exe
0x00007ffa3c6b0000 - 0x00007ffa3c8a8000 	C:\Windows\SYSTEM32\ntdll.dll
0x00007ffa3c480000 - 0x00007ffa3c542000 	C:\Windows\System32\KERNEL32.DLL
0x00007ffa3a190000 - 0x00007ffa3a487000 	C:\Windows\System32\KERNELBASE.dll
0x00007ffa39dc0000 - 0x00007ffa39ec0000 	C:\Windows\System32\ucrtbase.dll
0x00007ffa1f650000 - 0x00007ffa1f665000 	C:\Users\DELL 5515\.jdks\corretto-19.0.2\bin\VCRUNTIME140.dll
0x00007ffa1f630000 - 0x00007ffa1f647000 	C:\Users\DELL 5515\.jdks\corretto-19.0.2\bin\jli.dll
0x00007ffa3c2e0000 - 0x00007ffa3c47d000 	C:\Windows\System32\USER32.dll
0x00007ffa1b6a0000 - 0x00007ffa1b93a000 	C:\Windows\WinSxS\amd64_microsoft.windows.common-controls_6595b64144ccf1df_6.0.19041.5915_none_60b4b9d171f9c7c7\COMCTL32.dll
0x00007ffa3a070000 - 0x00007ffa3a092000 	C:\Windows\System32\win32u.dll
0x00007ffa3afb0000 - 0x00007ffa3b04e000 	C:\Windows\System32\msvcrt.dll
0x00007ffa3be10000 - 0x00007ffa3be3b000 	C:\Windows\System32\GDI32.dll
0x00007ffa39ec0000 - 0x00007ffa39fd9000 	C:\Windows\System32\gdi32full.dll
0x00007ffa3a0f0000 - 0x00007ffa3a18d000 	C:\Windows\System32\msvcp_win.dll
0x00007ffa3ab10000 - 0x00007ffa3ab3f000 	C:\Windows\System32\IMM32.DLL
0x00007ffa1f590000 - 0x00007ffa1f62b000 	C:\Users\DELL 5515\.jdks\corretto-19.0.2\bin\msvcp140.dll
0x00007ff9d1a20000 - 0x00007ff9d26f9000 	C:\Users\DELL 5515\.jdks\corretto-19.0.2\bin\server\jvm.dll
0x00007ffa3c5b0000 - 0x00007ffa3c661000 	C:\Windows\System32\ADVAPI32.dll
0x00007ffa3a810000 - 0x00007ffa3a8af000 	C:\Windows\System32\sechost.dll
0x00007ffa3a8b0000 - 0x00007ffa3a9d6000 	C:\Windows\System32\RPCRT4.dll
0x00007ffa3a5f0000 - 0x00007ffa3a617000 	C:\Windows\System32\bcrypt.dll
0x00007ffa31530000 - 0x00007ffa3153a000 	C:\Windows\SYSTEM32\VERSION.dll
0x00007ffa36b00000 - 0x00007ffa36b09000 	C:\Windows\SYSTEM32\WSOCK32.dll
0x00007ffa2fd20000 - 0x00007ffa2fd47000 	C:\Windows\SYSTEM32\WINMM.dll
0x00007ffa3b850000 - 0x00007ffa3b8bb000 	C:\Windows\System32\WS2_32.dll
0x00007ffa37b60000 - 0x00007ffa37b72000 	C:\Windows\SYSTEM32\kernel.appcore.dll
0x00007ffa24cd0000 - 0x00007ffa24cda000 	C:\Users\DELL 5515\.jdks\corretto-19.0.2\bin\jimage.dll
0x00007ffa2cec0000 - 0x00007ffa2d0c1000 	C:\Windows\SYSTEM32\DBGHELP.DLL
0x00007ffa21600000 - 0x00007ffa21634000 	C:\Windows\SYSTEM32\dbgcore.DLL
0x00007ffa39fe0000 - 0x00007ffa3a062000 	C:\Windows\System32\bcryptPrimitives.dll
0x00007ffa27a30000 - 0x00007ffa27a3e000 	C:\Users\DELL 5515\.jdks\corretto-19.0.2\bin\instrument.dll
0x00007ffa1f560000 - 0x00007ffa1f586000 	C:\Users\DELL 5515\.jdks\corretto-19.0.2\bin\java.dll
0x00007ffa1da20000 - 0x00007ffa1daf6000 	C:\Users\DELL 5515\.jdks\corretto-19.0.2\bin\jsvml.dll
0x00007ffa3b050000 - 0x00007ffa3b7be000 	C:\Windows\System32\SHELL32.dll
0x00007ffa37d90000 - 0x00007ffa38534000 	C:\Windows\SYSTEM32\windows.storage.dll
0x00007ffa3bf80000 - 0x00007ffa3c2d3000 	C:\Windows\System32\combase.dll
0x00007ffa39700000 - 0x00007ffa3972b000 	C:\Windows\SYSTEM32\Wldp.dll
0x00007ffa3aa40000 - 0x00007ffa3ab0d000 	C:\Windows\System32\OLEAUT32.dll
0x00007ffa3bb50000 - 0x00007ffa3bbfd000 	C:\Windows\System32\SHCORE.dll
0x00007ffa3bdb0000 - 0x00007ffa3be0b000 	C:\Windows\System32\shlwapi.dll
0x00007ffa39c70000 - 0x00007ffa39c94000 	C:\Windows\SYSTEM32\profapi.dll
0x00007ffa1eb00000 - 0x00007ffa1eb18000 	C:\Users\DELL 5515\.jdks\corretto-19.0.2\bin\zip.dll
0x00007ffa1f540000 - 0x00007ffa1f553000 	C:\Users\DELL 5515\.jdks\corretto-19.0.2\bin\net.dll
0x00007ffa37060000 - 0x00007ffa3716a000 	C:\Windows\SYSTEM32\WINHTTP.dll
0x00007ffa39460000 - 0x00007ffa394ca000 	C:\Windows\system32\mswsock.dll
0x00007ffa1f520000 - 0x00007ffa1f535000 	C:\Users\DELL 5515\.jdks\corretto-19.0.2\bin\nio.dll
0x00007ffa20950000 - 0x00007ffa2096a000 	C:\Program Files\JetBrains\IntelliJ IDEA Community Edition 2022.2\bin\breakgen64.dll
0x00007ffa24290000 - 0x00007ffa24298000 	C:\Users\DELL 5515\.jdks\corretto-19.0.2\bin\extnet.dll
0x00007ffa39140000 - 0x00007ffa3917b000 	C:\Windows\SYSTEM32\IPHLPAPI.DLL
0x00007ffa3bb40000 - 0x00007ffa3bb48000 	C:\Windows\System32\NSI.dll
0x00007ffa33610000 - 0x00007ffa33627000 	C:\Windows\SYSTEM32\dhcpcsvc6.DLL
0x00007ffa358e0000 - 0x00007ffa358fd000 	C:\Windows\SYSTEM32\dhcpcsvc.DLL
0x00007ffa39180000 - 0x00007ffa3924a000 	C:\Windows\SYSTEM32\DNSAPI.dll
0x00007ffa33210000 - 0x00007ffa3321a000 	C:\Windows\System32\rasadhlp.dll
0x00007ffa32d00000 - 0x00007ffa32d80000 	C:\Windows\System32\fwpuclnt.dll
0x00007ffa22010000 - 0x00007ffa2201e000 	C:\Users\DELL 5515\.jdks\corretto-19.0.2\bin\sunmscapi.dll
0x00007ffa3a490000 - 0x00007ffa3a5ed000 	C:\Windows\System32\CRYPT32.dll
0x00007ffa39770000 - 0x00007ffa39797000 	C:\Windows\SYSTEM32\ncrypt.dll
0x00007ffa39730000 - 0x00007ffa3976b000 	C:\Windows\SYSTEM32\NTASN1.dll

dbghelp: loaded successfully - version: 4.0.5 - missing functions: none
symbol engine: initialized successfully - sym options: 0x614 - pdb path: .;C:\Users\DELL 5515\.jdks\corretto-19.0.2\bin;C:\Windows\SYSTEM32;C:\Windows\WinSxS\amd64_microsoft.windows.common-controls_6595b64144ccf1df_6.0.19041.5915_none_60b4b9d171f9c7c7;C:\Users\DELL 5515\.jdks\corretto-19.0.2\bin\server;C:\Program Files\JetBrains\IntelliJ IDEA Community Edition 2022.2\bin

VM Arguments:
jvm_args: -javaagent:C:\Program Files\JetBrains\IntelliJ IDEA Community Edition 2022.2\lib\idea_rt.jar=54762:C:\Program Files\JetBrains\IntelliJ IDEA Community Edition 2022.2\bin -Dfile.encoding=UTF-8 
java_command: com.hieu.coin_service.CoinServiceApplication
java_class_path (initial): D:\Code\Application\TradingCrypto\trading-crypto-backend\coin-service\target\classes;C:\Users\DELL 5515\.m2\repository\org\springframework\boot\spring-boot-starter-data-mongodb\3.5.3\spring-boot-starter-data-mongodb-3.5.3.jar;C:\Users\DELL 5515\.m2\repository\org\springframework\boot\spring-boot-starter\3.5.3\spring-boot-starter-3.5.3.jar;C:\Users\DELL 5515\.m2\repository\org\springframework\boot\spring-boot\3.5.3\spring-boot-3.5.3.jar;C:\Users\DELL 5515\.m2\repository\org\springframework\boot\spring-boot-autoconfigure\3.5.3\spring-boot-autoconfigure-3.5.3.jar;C:\Users\DELL 5515\.m2\repository\org\springframework\boot\spring-boot-starter-logging\3.5.3\spring-boot-starter-logging-3.5.3.jar;C:\Users\DELL 5515\.m2\repository\ch\qos\logback\logback-classic\1.5.18\logback-classic-1.5.18.jar;C:\Users\DELL 5515\.m2\repository\ch\qos\logback\logback-core\1.5.18\logback-core-1.5.18.jar;C:\Users\DELL 5515\.m2\repository\org\apache\logging\log4j\log4j-to-slf4j\2.24.3\log4j-to-slf4j-2.24.3.jar;C:\Users\DELL 5515\.m2\repository\org\apache\logging\log4j\log4j-api\2.24.3\log4j-api-2.24.3.jar;C:\Users\DELL 5515\.m2\repository\org\slf4j\jul-to-slf4j\2.0.17\jul-to-slf4j-2.0.17.jar;C:\Users\DELL 5515\.m2\repository\jakarta\annotation\jakarta.annotation-api\2.1.1\jakarta.annotation-api-2.1.1.jar;C:\Users\DELL 5515\.m2\repository\org\yaml\snakeyaml\2.4\snakeyaml-2.4.jar;C:\Users\DELL 5515\.m2\repository\org\mongodb\mongodb-driver-sync\5.5.1\mongodb-driver-sync-5.5.1.jar;C:\Users\DELL 5515\.m2\repository\org\mongodb\bson\5.5.1\bson-5.5.1.jar;C:\Users\DELL 5515\.m2\repository\org\mongodb\mongodb-driver-core\5.5.1\mongodb-driver-core-5.5.1.jar;C:\Users\DELL 5515\.m2\repository\org\mongodb\bson-record-codec\5.5.1\bson-record-codec-5.5.1.jar;C:\Users\DELL 5515\.m2\repository\org\springframework\data\spring-data-mongodb\4.5.1\spring-data-mongodb-4.5.1.jar;C:\Users\DELL 5515\.m2\repository\org\springframework\spring-tx\6.2.8\spring-tx-6.2.8.jar;C:\Users\DELL 5515\.m2\repository\org\springframework\spring-context\6.2.8\spring-context-6.2.8.jar;C:\Users\DELL 5515\.m2\repository\org\springframework\spring-beans\6.2.8\spring-beans-6.2.8.jar;C:\Users\DELL 5515\.m2\repository\org\springframework\spring-expression\6.2.8\spring-expression-6.2.8.jar;C:\Users\DELL 5515\.m2\repository\org\springframework\data\spring-data-commons\3.5.1\spring-data-commons-3.5.1.jar;C:\Users\DELL 5515\.m2\repository\org\slf4j\slf4j-api\2.0.17\slf4j-api-2.0.17.jar;C:\Users\DELL 5515\.m2\repository\org\springframework\boot\spring-boot-starter-data-redis\3.5.3\spring-boot-starter-data-redis-3.5.3.jar;C:\Users\DELL 5515\.m2\repository\io\lettuce\lettuce-core\6.6.0.RELEASE\lettuce-core-6.6.0.RELEASE.jar;C:\Users\DELL 5515\.m2\repository\redis\clients\authentication\redis-authx-core\0.1.1-beta2\redis-authx-core-0.1.1-beta2.jar;C:\Users\DELL 5515\.m2\repository\io\netty\netty-common\4.1.122.Final\netty-common-4.1.122.Final.jar;C:\Users\DELL 5515\.m2\repository\io\netty\netty-handler\4.1.122.Final\netty-handler-4.1.122.Final.jar;C:\Users\DELL 5515\.m2\repository\io\netty\netty-resolver\4.1.122.Final\netty-resolver-4.1.122.Final.jar;C:\Users\DELL 5515\.m2\repository\io\netty\netty-buffer\4.1.122.Final\netty-buffer-4.1.122.Final.jar;C:\Users\DELL 5515\.m2\repository\io\netty\netty-transport-native-unix-common\4.1.122.Final\netty-transport-native-unix-common-4.1.122.Final.jar;C:\Users\DELL 5515\.m2\repository\io\netty\netty-codec\4.1.122.Final\netty-codec-4.1.122.Final.jar;C:\Users\DELL 5515\.m2\repository\io\netty\netty-transport\4.1.122.Final\netty-transport-4.1.122.Final.jar;C:\Users\DELL 5515\.m2\repository\io\projectreactor\reactor-core\3.7.7\reactor-core-3.7.7.jar;C:\Users\DELL 5515\.m2\repository\org\reactivestreams\reactive-streams\1.0.4\reactive-streams-1.0.4.jar;C:\Users\DELL 5515\.m2\repository\org\springframework\data\spring-data-redis\3.5.1\spring-data-redis-3.5.1.jar;C:\Users\DELL 5515\.m2\repository\org\springframework\data\spring-data-keyvalue\3.5.1\spring-data-keyvalue-3.5.1.jar;C:\Users\DELL 5515\.m2\repository\org\springframework\spring-oxm\6.2.8\spring-oxm-6.2.8.jar;C:\Users\DELL 5515\.m2\repository\org\springframework\spring-aop\6.2.8\spring-aop-6.2.8.jar;C:\Users\DELL 5515\.m2\repository\org\springframework\spring-context-support\6.2.8\spring-context-support-6.2.8.jar;C:\Users\DELL 5515\.m2\repository\org\springframework\boot\spring-boot-starter-oauth2-resource-server\3.5.3\spring-boot-starter-oauth2-resource-server-3.5.3.jar;C:\Users\DELL 5515\.m2\repository\org\springframework\security\spring-security-config\6.5.1\spring-security-config-6.5.1.jar;C:\Users\DELL 5515\.m2\repository\org\springframework\security\spring-security-core\6.5.1\spring-security-core-6.5.1.jar;C:\Users\DELL 5515\.m2\repository\org\springframework\security\spring-security-crypto\6.5.1\spring-security-crypto-6.5.1.jar;C:\Users\DELL 5515\.m2\repository\io\micrometer\micrometer-observation\1.15.1\micrometer-observation-1.15.1.jar;C:\Users\DELL 5515\.m2\repository\io\micrometer\micrometer-commons\1.15.1\micrometer-commons-1.15.1.jar;C:\Users\DELL 5515\.m2\repository\org\springframework\security\spring-security-oauth2-resource-server\6.5.1\spring-security-oauth2-resource-server-6.5.1.jar;C:\Users\DELL 5515\.m2\repository\org\springframework\security\spring-security-oauth2-core\6.5.1\spring-security-oauth2-core-6.5.1.jar;C:\Users\DELL 5515\.m2\repository\org\springframework\security\spring-security-web\6.5.1\spring-security-web-6.5.1.jar;C:\Users\DELL 5515\.m2\repository\org\springframework\security\spring-security-oauth2-jose\6.5.1\spring-security-oauth2-jose-6.5.1.jar;C:\Users\DELL 5515\.m2\repository\com\nimbusds\nimbus-jose-jwt\9.37.3\nimbus-jose-jwt-9.37.3.jar;C:\Users\DELL 5515\.m2\repository\com\github\stephenc\jcip\jcip-annotations\1.0-1\jcip-annotations-1.0-1.jar;C:\Users\DELL 5515\.m2\repository\org\springframework\boot\spring-boot-starter-validation\3.5.3\spring-boot-starter-validation-3.5.3.jar;C:\Users\DELL 5515\.m2\repository\org\apache\tomcat\embed\tomcat-embed-el\10.1.42\tomcat-embed-el-10.1.42.jar;C:\Users\DELL 5515\.m2\repository\org\hibernate\validator\hibernate-validator\8.0.2.Final\hibernate-validator-8.0.2.Final.jar;C:\Users\DELL 5515\.m2\repository\jakarta\validation\jakarta.validation-api\3.0.2\jakarta.validation-api-3.0.2.jar;C:\Users\DELL 5515\.m2\repository\org\jboss\logging\jboss-logging\3.6.1.Final\jboss-logging-3.6.1.Final.jar;C:\Users\DELL 5515\.m2\repository\com\fasterxml\classmate\1.7.0\classmate-1.7.0.jar;C:\Users\DELL 5515\.m2\repository\org\springframework\boot\spring-boot-starter-web\3.5.3\spring-boot-starter-web-3.5.3.jar;C:\Users\DELL 5515\.m2\repository\org\springframework\boot\spring-boot-starter-json\3.5.3\spring-boot-starter-json-3.5.3.jar;C:\Users\DELL 5515\.m2\repository\com\fasterxml\jackson\core\jackson-databind\2.19.1\jackson-databind-2.19.1.jar;C:\Users\DELL 5515\.m2\repository\com\fasterxml\jackson\core\jackson-annotations\2.19.1\jackson-annotations-2.19.1.jar;C:\Users\DELL 5515\.m2\repository\com\fasterxml\jackson\core\jackson-core\2.19.1\jackson-core-2.19.1.jar;C:\Users\DELL 5515\.m2\repository\com\fasterxml\jackson\datatype\jackson-datatype-jdk8\2.19.1\jackson-datatype-jdk8-2.19.1.jar;C:\Users\DELL 5515\.m2\repository\com\fasterxml\jackson\datatype\jackson-datatype-jsr310\2.19.1\jackson-datatype-jsr310-2.19.1.jar;C:\Users\DELL 5515\.m2\repository\com\fasterxml\jackson\module\jackson-module-parameter-names\2.19.1\jackson-module-parameter-names-2.19.1.jar;C:\Users\DELL 5515\.m2\repository\org\springframework\boot\spring-boot-starter-tomcat\3.5.3\spring-boot-starter-tomcat-3.5.3.jar;C:\Users\DELL 5515\.m2\repository\org\apache\tomcat\embed\tomcat-embed-core\10.1.42\tomcat-embed-core-10.1.42.jar;C:\Users\DELL 5515\.m2\repository\org\apache\tomcat\embed\tomcat-embed-websocket\10.1.42\tomcat-embed-websocket-10.1.42.jar;C:\Users\DELL 5515\.m2\repository\org\springframework\spring-web\6.2.8\spring-web-6.2.8.jar;C:\Users\DELL 5515\.m2\repository\org\springframework\spring-webmvc\6.2.8\spring-webmvc-6.2.8.jar;C:\Users\DELL 5515\.m2\repository\org\springframework\cloud\spring-cloud-starter-openfeign\4.3.0\spring-cloud-starter-openfeign-4.3.0.jar;C:\Users\DELL 5515\.m2\repository\org\springframework\cloud\spring-cloud-starter\4.3.0\spring-cloud-starter-4.3.0.jar;C:\Users\DELL 5515\.m2\repository\org\springframework\cloud\spring-cloud-context\4.3.0\spring-cloud-context-4.3.0.jar;C:\Users\DELL 5515\.m2\repository\org\bouncycastle\bcprov-jdk18on\1.80\bcprov-jdk18on-1.80.jar;C:\Users\DELL 5515\.m2\repository\org\springframework\cloud\spring-cloud-openfeign-core\4.3.0\spring-cloud-openfeign-core-4.3.0.jar;C:\Users\DELL 5515\.m2\repository\io\github\openfeign\feign-form-spring\13.6\feign-form-spring-13.6.jar;C:\Users\DELL 5515\.m2\repository\org\apache\commons\commons-text\1.13.0\commons-text-1.13.0.jar;C:\Users\DELL 5515\.m2\repository\org\apache\commons\commons-lang3\3.17.0\commons-lang3-3.17.0.jar;C:\Users\DELL 5515\.m2\repository\io\github\openfeign\feign-form\13.6\feign-form-13.6.jar;C:\Users\DELL 5515\.m2\repository\commons-fileupload\commons-fileupload\1.5\commons-fileupload-1.5.jar;C:\Users\DELL 5515\.m2\repository\org\springframework\cloud\spring-cloud-commons\4.3.0\spring-cloud-commons-4.3.0.jar;C:\Users\DELL 5515\.m2\repository\io\github\openfeign\feign-core\13.6\feign-core-13.6.jar;C:\Users\DELL 5515\.m2\repository\io\github\openfeign\feign-slf4j\13.6\feign-slf4j-13.6.jar;C:\Users\DELL 5515\.m2\repository\org\springframework\boot\spring-boot-starter-websocket\3.5.3\spring-boot-starter-websocket-3.5.3.jar;C:\Users\DELL 5515\.m2\repository\org\springframework\spring-messaging\6.2.8\spring-messaging-6.2.8.jar;C:\Users\DELL 5515\.m2\repository\org\springframework\spring-websocket\6.2.8\spring-websocket-6.2.8.jar;C:\Users\DELL 5515\.m2\repository\org\mapstruct\mapstruct\1.5.5.Final\mapstruct-1.5.5.Final.jar;C:\Users\DELL 5515\.m2\repository\jakarta\xml\bind\jakarta.xml.bind-api\4.0.2\jakarta.xml.bind-api-4.0.2.jar;C:\Users\DELL 5515\.m2\repository\jakarta\activation\jakarta.activation-api\2.1.3\jakarta.activation-api-2.1.3.jar;C:\Users\DELL 5515\.m2\repository\org\springframework\spring-core\6.2.8\spring-core-6.2.8.jar;C:\Users\DELL 5515\.m2\repository\org\springframework\spring-jcl\6.2.8\spring-jcl-6.2.8.jar
Launcher Type: SUN_STANDARD

[Global flags]
     intx CICompilerCount                          = 4                                         {product} {ergonomic}
     uint ConcGCThreads                            = 3                                         {product} {ergonomic}
     uint G1ConcRefinementThreads                  = 10                                        {product} {ergonomic}
   size_t G1HeapRegionSize                         = 1048576                                   {product} {ergonomic}
    uintx GCDrainStackTargetSize                   = 64                                        {product} {ergonomic}
   size_t InitialHeapSize                          = 123731968                                 {product} {ergonomic}
   size_t MarkStackSize                            = 4194304                                   {product} {ergonomic}
   size_t MaxHeapSize                              = 1975517184                                {product} {ergonomic}
   size_t MaxNewSize                               = 1184890880                                {product} {ergonomic}
   size_t MinHeapDeltaBytes                        = 1048576                                   {product} {ergonomic}
   size_t MinHeapSize                              = 8388608                                   {product} {ergonomic}
    uintx NonNMethodCodeHeapSize                   = 5839372                                {pd product} {ergonomic}
    uintx NonProfiledCodeHeapSize                  = 122909434                              {pd product} {ergonomic}
    uintx ProfiledCodeHeapSize                     = 122909434                              {pd product} {ergonomic}
    uintx ReservedCodeCacheSize                    = 251658240                              {pd product} {ergonomic}
     bool SegmentedCodeCache                       = true                                      {product} {ergonomic}
   size_t SoftMaxHeapSize                          = 1975517184                             {manageable} {ergonomic}
     bool UseCompressedClassPointers               = true                           {product lp64_product} {ergonomic}
     bool UseCompressedOops                        = true                           {product lp64_product} {ergonomic}
     bool UseG1GC                                  = true                                      {product} {ergonomic}
     bool UseLargePagesIndividualAllocation        = false                                  {pd product} {ergonomic}

Logging:
Log output configuration:
 #0: stdout all=warning uptime,level,tags foldmultilines=false
 #1: stderr all=off uptime,level,tags foldmultilines=false

Environment Variables:
JAVA_HOME=C:\Program Files\Java\jdk-17.0.3.1
PATH=C:\Program Files\Microsoft MPI\Bin\;C:\Program Files\Common Files\Oracle\Java\javapath;C:\Program Files (x86)\Common Files\Oracle\Java\javapath;C:\Windows\system32;C:\Windows;C:\Windows\System32\Wbem;C:\Windows\System32\WindowsPowerShell\v1.0\;C:\Windows\System32\OpenSSH\;C:\MinGW\bin;C:\Program Files\Git\cmd;C:\Program Files\Java\jdk-17.0.3.1\bin;D:\SQL Server\160\Tools\Binn\;C:\Program Files\Microsoft SQL Server\160\Tools\Binn\;C:\Program Files\Microsoft SQL Server\Client SDK\ODBC\170\Tools\Binn\;C:\Program Files\Microsoft SQL Server\160\DTS\Binn\;D:\SQL Server\160\DTS\Binn\;C:\Program Files\Microsoft SQL Server\150\Tools\Binn\;D:\Rational Rose\common;C:\Program Files\Docker\Docker\resources\bin;C:\Program Files\wkhtmltopdf\bin;C:\Program Files\JetBrains\IntelliJ IDEA Community Edition 2022.2\plugins\maven\lib\maven3\bin;C:\Program Files\Go\bin;C:\Program Files\nodejs\;C:\Program Files\Redis\;D:\Python\Scripts\;D:\Python\;C:\Users\DELL 5515\AppData\Local\Programs\Python\Launcher\;D:\Anaconda;D:\Anaconda\Library\mingw-w64\bin;D:\Anaconda\Library\usr\bin;D:\Anaconda\Library\bin;D:\Anaconda\Scripts;C:\Users\DELL 5515\AppData\Local\Microsoft\WindowsApps;C:\Users\DELL 5515\AppData\Local\Programs\Microsoft VS Code\bin;C:\Program Files\JetBrains\IntelliJ IDEA Community Edition 2022.2\bin;;C:\Program Files\Azure Data Studio\bin;C:\Users\DELL 5515\go\bin;C:\Users\DELL 5515\AppData\Roaming\npm
USERNAME=Maxs18
OS=Windows_NT
PROCESSOR_IDENTIFIER=AMD64 Family 23 Model 104 Stepping 1, AuthenticAMD
TMP=C:\Users\DELL55~1\AppData\Local\Temp
TEMP=C:\Users\DELL55~1\AppData\Local\Temp



---------------  S Y S T E M  ---------------

OS:
 Windows 10 , 64 bit Build 19041 (10.0.19041.5915)
OS uptime: 0 days 1:50 hours
Hyper-V role detected

CPU: total 12 (initial active 12) (12 cores per cpu, 2 threads per core) family 23 model 104 stepping 1 microcode 0x0, cx8, cmov, fxsr, ht, mmx, 3dnowpref, sse, sse2, sse3, ssse3, sse4a, sse4.1, sse4.2, popcnt, lzcnt, tsc, tscinvbit, avx, avx2, aes, clmul, bmi1, bmi2, adx, sha, fma, vzeroupper, clflush, clflushopt, hv, rdtscp, rdpid

Memory: 4k page, system-wide physical 7528M (300M free)
TotalPageFile size 18772M (AvailPageFile size 20M)
current process WorkingSet (physical memory assigned to process): 178M, peak: 181M
current process commit charge ("private bytes"): 226M, peak: 262M

vm_info: OpenJDK 64-Bit Server VM (19.0.2+7-FR) for windows-amd64 JRE (19.0.2+7-FR), built on Jan 13 2023 22:53:32 by "Administrator" with MS VC++ 15.9 (VS2017)

END.
