#
# There is insufficient memory for the Java Runtime Environment to continue.
# Native memory allocation (malloc) failed to allocate 2274640 bytes for Chunk::new
# Possible reasons:
#   The system is out of physical RAM or swap space
#   The process is running with CompressedOops enabled, and the Java Heap may be blocking the growth of the native heap
# Possible solutions:
#   Reduce memory load on the system
#   Increase physical memory or swap space
#   Check if swap backing store is full
#   Decrease Java heap size (-Xmx/-Xms)
#   Decrease number of Java threads
#   Decrease Java thread stack sizes (-Xss)
#   Set larger code cache with -XX:ReservedCodeCacheSize=
#   JVM is running with Zero Based Compressed Oops mode in which the Java heap is
#     placed in the first 32GB address space. The Java Heap base address is the
#     maximum limit for the native heap growth. Please use -XX:HeapBaseMinAddress
#     to set the Java Heap base and to place the Java Heap above 32GB virtual address.
# This output file may be truncated or incomplete.
#
#  Out of Memory Error (arena.cpp:184), pid=18920, tid=3012
#
# JRE version: OpenJDK Runtime Environment Corretto-19.0.2.7.1 (19.0.2+7) (build 19.0.2+7-FR)
# Java VM: OpenJDK 64-Bit Server VM Corretto-19.0.2.7.1 (19.0.2+7-FR, mixed mode, sharing, tiered, compressed oops, compressed class ptrs, g1 gc, windows-amd64)
# No core dump will be written. Minidumps are not enabled by default on client versions of Windows
#

---------------  S U M M A R Y ------------

Command Line: -javaagent:C:\Program Files\JetBrains\IntelliJ IDEA Community Edition 2022.2\lib\idea_rt.jar=64407:C:\Program Files\JetBrains\IntelliJ IDEA Community Edition 2022.2\bin -Dfile.encoding=UTF-8 com.hieu.notification_service.NotificationServiceApplication

Host: AMD Ryzen 5 5500U with Radeon Graphics         , 12 cores, 23G,  Windows 10 , 64 bit Build 19041 (10.0.19041.5915)
Time: Sun Nov 30 08:07:32 2025 SE Asia Standard Time elapsed time: 587.234921 seconds (0d 0h 9m 47s)

---------------  T H R E A D  ---------------

Current thread (0x0000023275aedf80):  JavaThread "C2 CompilerThread0" daemon [_thread_in_native, id=3012, stack(0x00000036aa000000,0x00000036aa100000)]


Current CompileTask:
C2: 587234 8949   !   4       org.apache.kafka.common.network.Selector::pollSelectionKeys (872 bytes)

Stack: [0x00000036aa000000,0x00000036aa100000]
Native frames: (J=compiled Java code, j=interpreted, Vv=VM code, C=native code)
V  [jvm.dll+0x6d034a]
V  [jvm.dll+0x880f10]
V  [jvm.dll+0x88289e]
V  [jvm.dll+0x882f43]
V  [jvm.dll+0x27b4bb]
V  [jvm.dll+0xdd792]
V  [jvm.dll+0xddb25]
V  [jvm.dll+0x3b4a5b]
V  [jvm.dll+0x37c86a]
V  [jvm.dll+0x37bc5a]
V  [jvm.dll+0x2470ef]
V  [jvm.dll+0x2465a7]
V  [jvm.dll+0x1d4bb7]
V  [jvm.dll+0x25558a]
V  [jvm.dll+0x2538d7]
V  [jvm.dll+0x8342bd]
V  [jvm.dll+0x82e2fa]
V  [jvm.dll+0x6cf0d3]
C  [ucrtbase.dll+0x21bb2]
C  [KERNEL32.DLL+0x17374]
C  [ntdll.dll+0x4cc91]


---------------  P R O C E S S  ---------------

Threads class SMR info:
_java_thread_list=0x000002327ef40a60, length=35, elements={
0x0000023275ae46d0, 0x0000023275ae54c0, 0x0000023275ae65f0, 0x0000023275aea040,
0x0000023275aea970, 0x0000023275aed710, 0x0000023275aedf80, 0x0000023275aef850,
0x000002327a408090, 0x000002327a503ba0, 0x000002327a504b90, 0x000002327a503650,
0x000002327a5050e0, 0x000002327a502110, 0x000002327a502660, 0x000002327a502bb0,
0x000002327b215fa0, 0x000002327b21c490, 0x000002327b21cf30, 0x000002327b216a40,
0x000002327b218f70, 0x000002327b217a30, 0x000002327b217f80, 0x000002327b21b4a0,
0x000002327b21b9f0, 0x000002327b21aa00, 0x000002327b21d9d0, 0x000002327b21c9e0,
0x000002327b216f90, 0x000002327b2174e0, 0x000002327b2184d0, 0x000002327b2194c0,
0x000002327b21bf40, 0x000002327b219a10, 0x000002327b21a4b0
}

Java Threads: ( => current thread )
  0x0000023275ae46d0 JavaThread "Reference Handler" daemon [_thread_blocked, id=17060, stack(0x00000036a9a00000,0x00000036a9b00000)]
  0x0000023275ae54c0 JavaThread "Finalizer" daemon [_thread_blocked, id=10152, stack(0x00000036a9b00000,0x00000036a9c00000)]
  0x0000023275ae65f0 JavaThread "Signal Dispatcher" daemon [_thread_blocked, id=3432, stack(0x00000036a9c00000,0x00000036a9d00000)]
  0x0000023275aea040 JavaThread "Attach Listener" daemon [_thread_blocked, id=15340, stack(0x00000036a9d00000,0x00000036a9e00000)]
  0x0000023275aea970 JavaThread "Service Thread" daemon [_thread_blocked, id=9516, stack(0x00000036a9e00000,0x00000036a9f00000)]
  0x0000023275aed710 JavaThread "Monitor Deflation Thread" daemon [_thread_blocked, id=15552, stack(0x00000036a9f00000,0x00000036aa000000)]
=>0x0000023275aedf80 JavaThread "C2 CompilerThread0" daemon [_thread_in_native, id=3012, stack(0x00000036aa000000,0x00000036aa100000)]
  0x0000023275aef850 JavaThread "C1 CompilerThread0" daemon [_thread_blocked, id=14572, stack(0x00000036aa100000,0x00000036aa200000)]
  0x000002327a408090 JavaThread "Sweeper thread" daemon [_thread_blocked, id=3636, stack(0x00000036aa200000,0x00000036aa300000)]
  0x000002327a503ba0 JavaThread "Common-Cleaner" daemon [_thread_blocked, id=1844, stack(0x00000036aa300000,0x00000036aa400000)]
  0x000002327a504b90 JavaThread "Monitor Ctrl-Break" daemon [_thread_in_native, id=5796, stack(0x00000036aa400000,0x00000036aa500000)]
  0x000002327a503650 JavaThread "Notification Thread" daemon [_thread_blocked, id=17216, stack(0x00000036aa500000,0x00000036aa600000)]
  0x000002327a5050e0 JavaThread "Catalina-utility-1" [_thread_blocked, id=17424, stack(0x00000036ab200000,0x00000036ab300000)]
  0x000002327a502110 JavaThread "Catalina-utility-2" [_thread_blocked, id=2468, stack(0x00000036ab500000,0x00000036ab600000)]
  0x000002327a502660 JavaThread "container-0" [_thread_blocked, id=13228, stack(0x00000036ab600000,0x00000036ab700000)]
  0x000002327a502bb0 JavaThread "BufferPoolPruner-1-thread-1" daemon [_thread_blocked, id=6148, stack(0x00000036ab700000,0x00000036ab800000)]
  0x000002327b215fa0 JavaThread "cluster-ClusterId{value='692b969010a0f3c6eee6fcf1', description='null'}-localhost:27017" daemon [_thread_in_native, id=19188, stack(0x00000036ab800000,0x00000036ab900000)]
  0x000002327b21c490 JavaThread "cluster-rtt-ClusterId{value='692b969010a0f3c6eee6fcf1', description='null'}-localhost:27017" daemon [_thread_blocked, id=16724, stack(0x00000036aba00000,0x00000036abb00000)]
  0x000002327b21cf30 JavaThread "MaintenanceTimer-2-thread-1" daemon [_thread_blocked, id=5836, stack(0x00000036abb00000,0x00000036abc00000)]
  0x000002327b216a40 JavaThread "http-nio-8082-exec-1" daemon [_thread_blocked, id=3900, stack(0x00000036abd00000,0x00000036abe00000)]
  0x000002327b218f70 JavaThread "http-nio-8082-exec-2" daemon [_thread_blocked, id=18796, stack(0x00000036abe00000,0x00000036abf00000)]
  0x000002327b217a30 JavaThread "http-nio-8082-exec-3" daemon [_thread_blocked, id=316, stack(0x00000036abf00000,0x00000036ac000000)]
  0x000002327b217f80 JavaThread "http-nio-8082-exec-4" daemon [_thread_blocked, id=14592, stack(0x00000036ac000000,0x00000036ac100000)]
  0x000002327b21b4a0 JavaThread "http-nio-8082-exec-5" daemon [_thread_blocked, id=10900, stack(0x00000036ac100000,0x00000036ac200000)]
  0x000002327b21b9f0 JavaThread "http-nio-8082-exec-6" daemon [_thread_blocked, id=17444, stack(0x00000036ac200000,0x00000036ac300000)]
  0x000002327b21aa00 JavaThread "http-nio-8082-exec-7" daemon [_thread_blocked, id=17448, stack(0x00000036ac300000,0x00000036ac400000)]
  0x000002327b21d9d0 JavaThread "http-nio-8082-exec-8" daemon [_thread_blocked, id=13040, stack(0x00000036ac400000,0x00000036ac500000)]
  0x000002327b21c9e0 JavaThread "http-nio-8082-exec-9" daemon [_thread_blocked, id=15176, stack(0x00000036ac500000,0x00000036ac600000)]
  0x000002327b216f90 JavaThread "http-nio-8082-exec-10" daemon [_thread_blocked, id=2880, stack(0x00000036ac600000,0x00000036ac700000)]
  0x000002327b2174e0 JavaThread "http-nio-8082-Poller" daemon [_thread_in_native, id=17956, stack(0x00000036ac700000,0x00000036ac800000)]
  0x000002327b2184d0 JavaThread "http-nio-8082-Acceptor" daemon [_thread_in_native, id=19052, stack(0x00000036ac800000,0x00000036ac900000)]
  0x000002327b2194c0 JavaThread "ThreadPoolTaskScheduler-1" [_thread_blocked, id=17140, stack(0x00000036ac900000,0x00000036aca00000)]
  0x000002327b21bf40 JavaThread "org.springframework.kafka.KafkaListenerEndpointContainer#0-0-C-1" [_thread_in_native, id=9756, stack(0x00000036aca00000,0x00000036acb00000)]
  0x000002327b219a10 JavaThread "DestroyJavaVM" [_thread_blocked, id=8576, stack(0x00000036a9300000,0x00000036a9400000)]
  0x000002327b21a4b0 JavaThread "kafka-coordinator-heartbeat-thread | notification-group" daemon [_thread_blocked, id=4000, stack(0x00000036acb00000,0x00000036acc00000)]

Other Threads:
  0x0000023275acc550 VMThread "VM Thread" [stack: 0x00000036a9900000,0x00000036a9a00000] [id=17804]
  0x000002324e0b53e0 WatcherThread "VM Periodic Task Thread" [stack: 0x00000036aa600000,0x00000036aa700000] [id=17916]
  0x000002324e13ff50 WorkerThread "GC Thread#0" [stack: 0x00000036a9400000,0x00000036a9500000] [id=18476]
  0x000002327b01a060 WorkerThread "GC Thread#1" [stack: 0x00000036aa800000,0x00000036aa900000] [id=1824]
  0x000002327b0c6500 WorkerThread "GC Thread#2" [stack: 0x00000036aa900000,0x00000036aaa00000] [id=17080]
  0x000002327aff8a40 WorkerThread "GC Thread#3" [stack: 0x00000036aaa00000,0x00000036aab00000] [id=14832]
  0x000002327b1a6f30 WorkerThread "GC Thread#4" [stack: 0x00000036aab00000,0x00000036aac00000] [id=13976]
  0x000002327b1a63f0 WorkerThread "GC Thread#5" [stack: 0x00000036aac00000,0x00000036aad00000] [id=18768]
  0x000002327b1a77a0 WorkerThread "GC Thread#6" [stack: 0x00000036aad00000,0x00000036aae00000] [id=11484]
  0x000002327b1a66c0 WorkerThread "GC Thread#7" [stack: 0x00000036aae00000,0x00000036aaf00000] [id=10584]
  0x000002327b1a7a70 WorkerThread "GC Thread#8" [stack: 0x00000036aaf00000,0x00000036ab000000] [id=3436]
  0x000002327b1a6990 WorkerThread "GC Thread#9" [stack: 0x00000036ab100000,0x00000036ab200000] [id=1192]
  0x000002324e14d8a0 ConcurrentGCThread "G1 Main Marker" [stack: 0x00000036a9500000,0x00000036a9600000] [id=18668]
  0x000002324e14e990 WorkerThread "G1 Conc#0" [stack: 0x00000036a9600000,0x00000036a9700000] [id=308]
  0x000002327cafc450 WorkerThread "G1 Conc#1" [stack: 0x00000036ab300000,0x00000036ab400000] [id=6056]
  0x000002327cafebb0 WorkerThread "G1 Conc#2" [stack: 0x00000036ab400000,0x00000036ab500000] [id=17152]
  0x000002327598ae90 ConcurrentGCThread "G1 Refine#0" [stack: 0x00000036a9700000,0x00000036a9800000] [id=11684]
  0x000002327598b680 ConcurrentGCThread "G1 Service" [stack: 0x00000036a9800000,0x00000036a9900000] [id=18664]

Threads with active compile tasks:
C2 CompilerThread0   587248 8949   !   4       org.apache.kafka.common.network.Selector::pollSelectionKeys (872 bytes)

VM state: not at safepoint (normal execution)

VM Mutex/Monitor currently owned by a thread: None

Heap address: 0x000000068a400000, size: 5980 MB, Compressed Oops mode: Zero based, Oop shift amount: 3

CDS archive(s) mapped at: [0x0000000800000000-0x0000000800c40000-0x0000000800c40000), size 12845056, SharedBaseAddress: 0x0000000800000000, ArchiveRelocationMode: 0.
Compressed class space mapped at: 0x0000000801000000-0x0000000841000000, reserved size: 1073741824
Narrow klass base: 0x0000000800000000, Narrow klass shift: 0, Narrow klass range: 0x100000000

GC Precious Log:
 CardTable entry size: 512
 Card Set container configuration: InlinePtr #cards 4 size 8 Array Of Cards #cards 32 size 80 Howl #buckets 8 coarsen threshold 7372 Howl Bitmap #cards 1024 size 144 coarsen threshold 921 Card regions per heap region 1 cards per card region 8192
 CPUs: 12 total, 12 available
 Memory: 23912M
 Large Page Support: Disabled
 NUMA Support: Disabled
 Compressed Oops: Enabled (Zero based)
 Heap Region Size: 4M
 Heap Min Capacity: 8M
 Heap Initial Capacity: 376M
 Heap Max Capacity: 5980M
 Pre-touch: Disabled
 Parallel Workers: 10
 Concurrent Workers: 3
 Concurrent Refinement Workers: 10
 Periodic GC: Disabled

Heap:
 garbage-first heap   total 151552K, used 44050K [0x000000068a400000, 0x0000000800000000)
  region size 4096K, 2 young (8192K), 1 survivors (4096K)
 Metaspace       used 73902K, committed 74624K, reserved 1179648K
  class space    used 8894K, committed 9216K, reserved 1048576K

Heap Regions: E=young(eden), S=young(survivor), O=old, HS=humongous(starts), HC=humongous(continues), CS=collection set, F=free, OA=open archive, CA=closed archive, TAMS=top-at-mark-start (previous, next)
|   0|0x000000068a400000, 0x000000068a800000, 0x000000068a800000|100%| O|  |TAMS 0x000000068a800000, 0x000000068a400000| Untracked 
|   1|0x000000068a800000, 0x000000068ac00000, 0x000000068ac00000|100%| O|  |TAMS 0x000000068ac00000, 0x000000068a800000| Untracked 
|   2|0x000000068ac00000, 0x000000068b000000, 0x000000068b000000|100%| O|  |TAMS 0x000000068b000000, 0x000000068ac00000| Untracked 
|   3|0x000000068b000000, 0x000000068b000000, 0x000000068b400000|  0%| F|  |TAMS 0x000000068b000000, 0x000000068b000000| Untracked 
|   4|0x000000068b400000, 0x000000068b800000, 0x000000068b800000|100%| O|  |TAMS 0x000000068b800000, 0x000000068b400000| Untracked 
|   5|0x000000068b800000, 0x000000068bc00000, 0x000000068bc00000|100%| O|  |TAMS 0x000000068bc00000, 0x000000068b800000| Untracked 
|   6|0x000000068bc00000, 0x000000068c000000, 0x000000068c000000|100%| O|  |TAMS 0x000000068c000000, 0x000000068bc00000| Untracked 
|   7|0x000000068c000000, 0x000000068c400000, 0x000000068c400000|100%| O|  |TAMS 0x000000068c1eb400, 0x000000068c000000| Untracked 
|   8|0x000000068c400000, 0x000000068c800000, 0x000000068c800000|100%| O|  |TAMS 0x000000068c400000, 0x000000068c400000| Untracked 
|   9|0x000000068c800000, 0x000000068cc00000, 0x000000068cc00000|100%| O|  |TAMS 0x000000068c800000, 0x000000068c800000| Untracked 
|  10|0x000000068cc00000, 0x000000068d000000, 0x000000068d000000|100%| O|  |TAMS 0x000000068cc00000, 0x000000068cc00000| Untracked 
|  11|0x000000068d000000, 0x000000068d188a00, 0x000000068d400000| 38%| O|  |TAMS 0x000000068d000000, 0x000000068d000000| Untracked 
|  12|0x000000068d400000, 0x000000068d400000, 0x000000068d800000|  0%| F|  |TAMS 0x000000068d400000, 0x000000068d400000| Untracked 
|  13|0x000000068d800000, 0x000000068d800000, 0x000000068dc00000|  0%| F|  |TAMS 0x000000068d800000, 0x000000068d800000| Untracked 
|  14|0x000000068dc00000, 0x000000068dc00000, 0x000000068e000000|  0%| F|  |TAMS 0x000000068dc00000, 0x000000068dc00000| Untracked 
|  15|0x000000068e000000, 0x000000068e000000, 0x000000068e400000|  0%| F|  |TAMS 0x000000068e000000, 0x000000068e000000| Untracked 
|  16|0x000000068e400000, 0x000000068e400000, 0x000000068e800000|  0%| F|  |TAMS 0x000000068e400000, 0x000000068e400000| Untracked 
|  17|0x000000068e800000, 0x000000068e800000, 0x000000068ec00000|  0%| F|  |TAMS 0x000000068e800000, 0x000000068e800000| Untracked 
|  18|0x000000068ec00000, 0x000000068ec00000, 0x000000068f000000|  0%| F|  |TAMS 0x000000068ec00000, 0x000000068ec00000| Untracked 
|  19|0x000000068f000000, 0x000000068f000000, 0x000000068f400000|  0%| F|  |TAMS 0x000000068f000000, 0x000000068f000000| Untracked 
|  20|0x000000068f400000, 0x000000068f400000, 0x000000068f800000|  0%| F|  |TAMS 0x000000068f400000, 0x000000068f400000| Untracked 
|  21|0x000000068f800000, 0x000000068f800000, 0x000000068fc00000|  0%| F|  |TAMS 0x000000068f800000, 0x000000068f800000| Untracked 
|  22|0x000000068fc00000, 0x000000068fc00000, 0x0000000690000000|  0%| F|  |TAMS 0x000000068fc00000, 0x000000068fc00000| Untracked 
|  23|0x0000000690000000, 0x0000000690000000, 0x0000000690400000|  0%| F|  |TAMS 0x0000000690000000, 0x0000000690000000| Untracked 
|  24|0x0000000690400000, 0x0000000690400000, 0x0000000690800000|  0%| F|  |TAMS 0x0000000690400000, 0x0000000690400000| Untracked 
|  25|0x0000000690800000, 0x0000000690800000, 0x0000000690c00000|  0%| F|  |TAMS 0x0000000690800000, 0x0000000690800000| Untracked 
|  26|0x0000000690c00000, 0x0000000690c00000, 0x0000000691000000|  0%| F|  |TAMS 0x0000000690c00000, 0x0000000690c00000| Untracked 
|  27|0x0000000691000000, 0x0000000691000000, 0x0000000691400000|  0%| F|  |TAMS 0x0000000691000000, 0x0000000691000000| Untracked 
|  28|0x0000000691400000, 0x0000000691400000, 0x0000000691800000|  0%| F|  |TAMS 0x0000000691400000, 0x0000000691400000| Untracked 
|  29|0x0000000691800000, 0x0000000691800000, 0x0000000691c00000|  0%| F|  |TAMS 0x0000000691800000, 0x0000000691800000| Untracked 
|  30|0x0000000691c00000, 0x0000000691c00000, 0x0000000692000000|  0%| F|  |TAMS 0x0000000691c00000, 0x0000000691c00000| Untracked 
|  31|0x0000000692000000, 0x0000000692000000, 0x0000000692400000|  0%| F|  |TAMS 0x0000000692000000, 0x0000000692000000| Untracked 
|  32|0x0000000692400000, 0x0000000692400000, 0x0000000692800000|  0%| F|  |TAMS 0x0000000692400000, 0x0000000692400000| Untracked 
|  33|0x0000000692800000, 0x0000000692800000, 0x0000000692c00000|  0%| F|  |TAMS 0x0000000692800000, 0x0000000692800000| Untracked 
|  34|0x0000000692c00000, 0x0000000692c00000, 0x0000000693000000|  0%| F|  |TAMS 0x0000000692c00000, 0x0000000692c00000| Untracked 
|  35|0x0000000693000000, 0x000000069317c1c0, 0x0000000693400000| 37%| S|CS|TAMS 0x0000000693000000, 0x0000000693000000| Complete 
|  93|0x00000006a1800000, 0x00000006a1a465f8, 0x00000006a1c00000| 56%| E|  |TAMS 0x00000006a1800000, 0x00000006a1800000| Complete 

Card table byte_map: [0x0000023266390000,0x0000023266f40000] _byte_map_base: 0x0000023262f3e000

Marking Bits (Prev, Next): (CMBitMap*) 0x000002324e1414e0, (CMBitMap*) 0x000002324e1414a0
 Prev Bits: [0x000002326d860000, 0x00000232735d0000)
 Next Bits: [0x0000023267af0000, 0x000002326d860000)

Polling page: 0x000002324be40000

Metaspace:

Usage:
  Non-class:     63.48 MB used.
      Class:      8.69 MB used.
       Both:     72.17 MB used.

Virtual space:
  Non-class space:      128.00 MB reserved,      63.88 MB ( 50%) committed,  2 nodes.
      Class space:        1.00 GB reserved,       9.00 MB ( <1%) committed,  1 nodes.
             Both:        1.13 GB reserved,      72.88 MB (  6%) committed. 

Chunk freelists:
   Non-Class:  3.86 MB
       Class:  3.01 MB
        Both:  6.87 MB

MaxMetaspaceSize: unlimited
CompressedClassSpaceSize: 1.00 GB
Initial GC threshold: 21.00 MB
Current GC threshold: 98.75 MB
CDS: on
MetaspaceReclaimPolicy: balanced
 - commit_granule_bytes: 65536.
 - commit_granule_words: 8192.
 - virtual_space_node_default_size: 8388608.
 - enlarge_chunks_in_place: 1.
 - new_chunks_are_fully_committed: 0.
 - uncommit_free_chunks: 1.
 - use_allocation_guard: 0.


Internal statistics:

num_allocs_failed_limit: 9.
num_arena_births: 1118.
num_arena_deaths: 0.
num_vsnodes_births: 3.
num_vsnodes_deaths: 0.
num_space_committed: 1166.
num_space_uncommitted: 0.
num_chunks_returned_to_freelist: 9.
num_chunks_taken_from_freelist: 3575.
num_chunk_merges: 9.
num_chunk_splits: 2605.
num_chunks_enlarged: 2082.
num_inconsistent_stats: 0.

CodeHeap 'non-profiled nmethods': size=120000Kb used=5653Kb max_used=5653Kb free=114346Kb
 bounds [0x000002325dd60000, 0x000002325e2f0000, 0x0000023265290000]
CodeHeap 'profiled nmethods': size=120000Kb used=14985Kb max_used=14985Kb free=105015Kb
 bounds [0x0000023256290000, 0x0000023257140000, 0x000002325d7c0000]
CodeHeap 'non-nmethods': size=5760Kb used=1510Kb max_used=1553Kb free=4249Kb
 bounds [0x000002325d7c0000, 0x000002325da30000, 0x000002325dd60000]
 total_blobs=8377 nmethods=7594 adapters=693
 compilation: enabled
              stopped_count=0, restarted_count=0
 full_count=0

Compilation events (20 events):
Event: 562.991 Thread 0x0000023275aef850 8941       2       org.apache.kafka.clients.Metadata$$Lambda$1643/0x00000008017b3510::<init> (10 bytes)
Event: 562.991 Thread 0x0000023275aef850 nmethod 8941 0x000002325712bb10 code [0x000002325712bca0, 0x000002325712bdf8]
Event: 562.991 Thread 0x0000023275aef850 8942       2       org.apache.kafka.clients.Metadata::clearErrorsAndMaybeThrowException (31 bytes)
Event: 562.991 Thread 0x0000023275aef850 nmethod 8942 0x000002325712be90 code [0x000002325712c060, 0x000002325712c408]
Event: 562.992 Thread 0x0000023275aedf80 nmethod 8937 0x000002325e2e2f10 code [0x000002325e2e30e0, 0x000002325e2e3358]
Event: 562.992 Thread 0x0000023275aedf80 8938       4       org.apache.kafka.clients.Metadata::clearRecoverableErrors (15 bytes)
Event: 562.993 Thread 0x0000023275aedf80 nmethod 8938 0x000002325e2e3690 code [0x000002325e2e3820, 0x000002325e2e3a58]
Event: 565.859 Thread 0x0000023275aef850 8943   !   3       org.apache.catalina.core.ContainerBase::findChildren (67 bytes)
Event: 565.860 Thread 0x0000023275aef850 nmethod 8943 0x000002325712c590 code [0x000002325712c7c0, 0x000002325712d118]
Event: 575.759 Thread 0x0000023275aedf80 8944       4       org.apache.kafka.common.metrics.stats.Max::update (13 bytes)
Event: 575.760 Thread 0x0000023275aedf80 nmethod 8944 0x000002325e2e3b10 code [0x000002325e2e3ca0, 0x000002325e2e3d58]
Event: 578.239 Thread 0x0000023275aef850 8945       3       org.bson.AbstractBsonWriter$Context::<init> (20 bytes)
Event: 578.239 Thread 0x0000023275aef850 nmethod 8945 0x000002325712d410 code [0x000002325712d5c0, 0x000002325712d858]
Event: 578.580 Thread 0x0000023275aef850 8946       3       java.util.LinkedHashMap::afterNodeAccess (116 bytes)
Event: 578.580 Thread 0x0000023275aef850 nmethod 8946 0x000002325712d910 code [0x000002325712dae0, 0x000002325712e178]
Event: 578.580 Thread 0x0000023275aef850 8947   !   3       org.apache.kafka.clients.consumer.internals.ClassicKafkaConsumer::poll (239 bytes)
Event: 578.583 Thread 0x0000023275aef850 nmethod 8947 0x000002325712e310 code [0x000002325712e880, 0x0000023257130f78]
Event: 586.118 Thread 0x0000023275aedf80 8948       4       java.util.HashMap::putMapEntries (170 bytes)
Event: 586.136 Thread 0x0000023275aedf80 nmethod 8948 0x000002325e2e3e10 code [0x000002325e2e4060, 0x000002325e2e4c40]
Event: 587.126 Thread 0x0000023275aedf80 8949   !   4       org.apache.kafka.common.network.Selector::pollSelectionKeys (872 bytes)

GC Heap History (20 events):
Event: 4.652 GC heap before
{Heap before GC invocations=7 (full 0):
 garbage-first heap   total 98304K, used 59016K [0x000000068a400000, 0x0000000800000000)
  region size 4096K, 10 young (40960K), 1 survivors (4096K)
 Metaspace       used 33461K, committed 33920K, reserved 1114112K
  class space    used 4078K, committed 4288K, reserved 1048576K
}
Event: 4.657 GC heap after
{Heap after GC invocations=8 (full 0):
 garbage-first heap   total 98304K, used 23759K [0x000000068a400000, 0x0000000800000000)
  region size 4096K, 1 young (4096K), 1 survivors (4096K)
 Metaspace       used 33461K, committed 33920K, reserved 1114112K
  class space    used 4078K, committed 4288K, reserved 1048576K
}
Event: 5.126 GC heap before
{Heap before GC invocations=8 (full 0):
 garbage-first heap   total 98304K, used 56527K [0x000000068a400000, 0x0000000800000000)
  region size 4096K, 10 young (40960K), 1 survivors (4096K)
 Metaspace       used 35605K, committed 36096K, reserved 1114112K
  class space    used 4364K, committed 4608K, reserved 1048576K
}
Event: 5.133 GC heap after
{Heap after GC invocations=9 (full 0):
 garbage-first heap   total 98304K, used 25531K [0x000000068a400000, 0x0000000800000000)
  region size 4096K, 2 young (8192K), 2 survivors (8192K)
 Metaspace       used 35605K, committed 36096K, reserved 1114112K
  class space    used 4364K, committed 4608K, reserved 1048576K
}
Event: 5.686 GC heap before
{Heap before GC invocations=10 (full 0):
 garbage-first heap   total 98304K, used 62395K [0x000000068a400000, 0x0000000800000000)
  region size 4096K, 11 young (45056K), 2 survivors (8192K)
 Metaspace       used 38880K, committed 39424K, reserved 1114112K
  class space    used 4757K, committed 4992K, reserved 1048576K
}
Event: 5.691 GC heap after
{Heap after GC invocations=11 (full 0):
 garbage-first heap   total 98304K, used 27867K [0x000000068a400000, 0x0000000800000000)
  region size 4096K, 2 young (8192K), 2 survivors (8192K)
 Metaspace       used 38880K, committed 39424K, reserved 1114112K
  class space    used 4757K, committed 4992K, reserved 1048576K
}
Event: 5.714 GC heap before
{Heap before GC invocations=11 (full 0):
 garbage-first heap   total 98304K, used 31963K [0x000000068a400000, 0x0000000800000000)
  region size 4096K, 3 young (12288K), 2 survivors (8192K)
 Metaspace       used 38894K, committed 39424K, reserved 1114112K
  class space    used 4760K, committed 4992K, reserved 1048576K
}
Event: 5.718 GC heap after
{Heap after GC invocations=12 (full 0):
 garbage-first heap   total 98304K, used 27364K [0x000000068a400000, 0x0000000800000000)
  region size 4096K, 1 young (4096K), 1 survivors (4096K)
 Metaspace       used 38894K, committed 39424K, reserved 1114112K
  class space    used 4760K, committed 4992K, reserved 1048576K
}
Event: 6.201 GC heap before
{Heap before GC invocations=12 (full 0):
 garbage-first heap   total 98304K, used 64228K [0x000000068a400000, 0x0000000800000000)
  region size 4096K, 10 young (40960K), 1 survivors (4096K)
 Metaspace       used 40613K, committed 41088K, reserved 1114112K
  class space    used 5017K, committed 5248K, reserved 1048576K
}
Event: 6.204 GC heap after
{Heap after GC invocations=13 (full 0):
 garbage-first heap   total 176128K, used 28795K [0x000000068a400000, 0x0000000800000000)
  region size 4096K, 1 young (4096K), 1 survivors (4096K)
 Metaspace       used 40613K, committed 41088K, reserved 1114112K
  class space    used 5017K, committed 5248K, reserved 1048576K
}
Event: 7.056 GC heap before
{Heap before GC invocations=13 (full 0):
 garbage-first heap   total 176128K, used 127099K [0x000000068a400000, 0x0000000800000000)
  region size 4096K, 25 young (102400K), 1 survivors (4096K)
 Metaspace       used 43864K, committed 44480K, reserved 1114112K
  class space    used 5482K, committed 5760K, reserved 1048576K
}
Event: 7.062 GC heap after
{Heap after GC invocations=14 (full 0):
 garbage-first heap   total 176128K, used 33468K [0x000000068a400000, 0x0000000800000000)
  region size 4096K, 2 young (8192K), 2 survivors (8192K)
 Metaspace       used 43864K, committed 44480K, reserved 1114112K
  class space    used 5482K, committed 5760K, reserved 1048576K
}
Event: 7.909 GC heap before
{Heap before GC invocations=14 (full 0):
 garbage-first heap   total 176128K, used 127676K [0x000000068a400000, 0x0000000800000000)
  region size 4096K, 25 young (102400K), 2 survivors (8192K)
 Metaspace       used 50046K, committed 50688K, reserved 1114112K
  class space    used 6340K, committed 6656K, reserved 1048576K
}
Event: 7.916 GC heap after
{Heap after GC invocations=15 (full 0):
 garbage-first heap   total 176128K, used 38469K [0x000000068a400000, 0x0000000800000000)
  region size 4096K, 3 young (12288K), 3 survivors (12288K)
 Metaspace       used 50046K, committed 50688K, reserved 1114112K
  class space    used 6340K, committed 6656K, reserved 1048576K
}
Event: 9.171 GC heap before
{Heap before GC invocations=15 (full 0):
 garbage-first heap   total 176128K, used 120389K [0x000000068a400000, 0x0000000800000000)
  region size 4096K, 24 young (98304K), 3 survivors (12288K)
 Metaspace       used 59780K, committed 60480K, reserved 1114112K
  class space    used 7319K, committed 7680K, reserved 1048576K
}
Event: 9.179 GC heap after
{Heap after GC invocations=16 (full 0):
 garbage-first heap   total 176128K, used 38931K [0x000000068a400000, 0x0000000800000000)
  region size 4096K, 2 young (8192K), 2 survivors (8192K)
 Metaspace       used 59780K, committed 60480K, reserved 1114112K
  class space    used 7319K, committed 7680K, reserved 1048576K
}
Event: 498.087 GC heap before
{Heap before GC invocations=17 (full 0):
 garbage-first heap   total 151552K, used 116755K [0x000000068a400000, 0x0000000800000000)
  region size 4096K, 22 young (90112K), 2 survivors (8192K)
 Metaspace       used 73867K, committed 74560K, reserved 1179648K
  class space    used 8890K, committed 9216K, reserved 1048576K
}
Event: 498.094 GC heap after
{Heap after GC invocations=18 (full 0):
 garbage-first heap   total 151552K, used 43876K [0x000000068a400000, 0x0000000800000000)
  region size 4096K, 3 young (12288K), 3 survivors (12288K)
 Metaspace       used 73867K, committed 74560K, reserved 1179648K
  class space    used 8890K, committed 9216K, reserved 1048576K
}
Event: 547.654 GC heap before
{Heap before GC invocations=18 (full 0):
 garbage-first heap   total 151552K, used 47972K [0x000000068a400000, 0x0000000800000000)
  region size 4096K, 4 young (16384K), 3 survivors (12288K)
 Metaspace       used 73880K, committed 74560K, reserved 1179648K
  class space    used 8890K, committed 9216K, reserved 1048576K
}
Event: 547.660 GC heap after
{Heap after GC invocations=19 (full 0):
 garbage-first heap   total 151552K, used 44050K [0x000000068a400000, 0x0000000800000000)
  region size 4096K, 1 young (4096K), 1 survivors (4096K)
 Metaspace       used 73880K, committed 74560K, reserved 1179648K
  class space    used 8890K, committed 9216K, reserved 1048576K
}

Dll operation events (13 events):
Event: 0.009 Loaded shared library C:\Users\DELL 5515\.jdks\corretto-19.0.2\bin\java.dll
Event: 0.021 Loaded shared library C:\Users\DELL 5515\.jdks\corretto-19.0.2\bin\jsvml.dll
Event: 0.192 Loaded shared library C:\Users\DELL 5515\.jdks\corretto-19.0.2\bin\zip.dll
Event: 0.196 Loaded shared library C:\Users\DELL 5515\.jdks\corretto-19.0.2\bin\instrument.dll
Event: 0.206 Loaded shared library C:\Users\DELL 5515\.jdks\corretto-19.0.2\bin\net.dll
Event: 0.208 Loaded shared library C:\Users\DELL 5515\.jdks\corretto-19.0.2\bin\nio.dll
Event: 0.214 Loaded shared library C:\Users\DELL 5515\.jdks\corretto-19.0.2\bin\zip.dll
Event: 0.497 Loaded shared library C:\Program Files\JetBrains\IntelliJ IDEA Community Edition 2022.2\bin\breakgen64.dll
Event: 0.509 Loaded shared library C:\Users\DELL 5515\.jdks\corretto-19.0.2\bin\extnet.dll
Event: 0.579 Loaded shared library C:\Users\DELL 5515\.jdks\corretto-19.0.2\bin\jimage.dll
Event: 2.753 Loaded shared library C:\Users\DELL 5515\.jdks\corretto-19.0.2\bin\sunmscapi.dll
Event: 5.264 Loaded shared library C:\Users\DELL 5515\.jdks\corretto-19.0.2\bin\management.dll
Event: 5.266 Loaded shared library C:\Users\DELL 5515\.jdks\corretto-19.0.2\bin\management_ext.dll

Deoptimization events (20 events):
Event: 309.656 Thread 0x000002327b21bf40 Uncommon trap: trap_request=0xffffff45 fr.pc=0x000002325e27fbf8 relative=0x0000000000000058
Event: 309.656 Thread 0x000002327b21bf40 Uncommon trap: reason=unstable_if action=reinterpret pc=0x000002325e27fbf8 method=org.apache.kafka.common.TopicPartition.hashCode()I @ 4 c2
Event: 309.656 Thread 0x000002327b21bf40 DEOPT PACKING pc=0x000002325e27fbf8 sp=0x00000036acafe850
Event: 309.656 Thread 0x000002327b21bf40 DEOPT UNPACKING pc=0x000002325d826da3 sp=0x00000036acafe7d8 mode 2
Event: 549.918 Thread 0x000002327b21bf40 Uncommon trap: trap_request=0xffffff45 fr.pc=0x000002325e2c1030 relative=0x0000000000000850
Event: 549.918 Thread 0x000002327b21bf40 Uncommon trap: reason=unstable_if action=reinterpret pc=0x000002325e2c1030 method=org.apache.kafka.clients.NetworkClient.handleDisconnections(Ljava/util/List;J)V @ 28 c2
Event: 549.918 Thread 0x000002327b21bf40 DEOPT PACKING pc=0x000002325e2c1030 sp=0x00000036acafecf0
Event: 549.918 Thread 0x000002327b21bf40 DEOPT UNPACKING pc=0x000002325d826da3 sp=0x00000036acafec28 mode 2
Event: 549.924 Thread 0x000002327b21a4b0 Uncommon trap: trap_request=0xffffff45 fr.pc=0x000002325e2afe88 relative=0x0000000000000748
Event: 549.924 Thread 0x000002327b21a4b0 Uncommon trap: reason=unstable_if action=reinterpret pc=0x000002325e2afe88 method=org.apache.kafka.clients.Metadata.updateRequested()Z @ 4 c2
Event: 549.924 Thread 0x000002327b21a4b0 DEOPT PACKING pc=0x000002325e2afe88 sp=0x00000036acbfed40
Event: 549.924 Thread 0x000002327b21a4b0 DEOPT UNPACKING pc=0x000002325d826da3 sp=0x00000036acbfece8 mode 2
Event: 549.924 Thread 0x000002327b21a4b0 Uncommon trap: trap_request=0xffffff54 fr.pc=0x000002325e2b6474 relative=0x0000000000000954
Event: 549.924 Thread 0x000002327b21a4b0 Uncommon trap: reason=speculate_null_assert action=make_not_entrant pc=0x000002325e2b6474 method=sun.nio.ch.SelectorImpl.processDeregisterQueue()V @ 66 c2
Event: 549.924 Thread 0x000002327b21a4b0 DEOPT PACKING pc=0x000002325e2b6474 sp=0x00000036acbfec20
Event: 549.924 Thread 0x000002327b21a4b0 DEOPT UNPACKING pc=0x000002325d826da3 sp=0x00000036acbfeaf0 mode 2
Event: 551.023 Thread 0x000002327b21bf40 Uncommon trap: trap_request=0xffffff45 fr.pc=0x000002325e2b3678 relative=0x0000000000000558
Event: 551.023 Thread 0x000002327b21bf40 Uncommon trap: reason=unstable_if action=reinterpret pc=0x000002325e2b3678 method=java.util.LinkedHashMap.afterNodeAccess(Ljava/util/HashMap$Node;)V @ 41 c2
Event: 551.023 Thread 0x000002327b21bf40 DEOPT PACKING pc=0x000002325e2b3678 sp=0x00000036acafe8d0
Event: 551.023 Thread 0x000002327b21bf40 DEOPT UNPACKING pc=0x000002325d826da3 sp=0x00000036acafe870 mode 2

Classes loaded (20 events):
Event: 14.830 Loading class sun/net/www/http/ClientVector
Event: 14.830 Loading class sun/net/www/http/ClientVector done
Event: 14.830 Loading class sun/net/www/http/KeepAliveEntry
Event: 14.830 Loading class sun/net/www/http/KeepAliveEntry done
Event: 14.830 Loading class sun/net/www/protocol/http/EmptyInputStream
Event: 14.830 Loading class sun/net/www/protocol/http/EmptyInputStream done
Event: 14.830 Loading class sun/net/www/protocol/http/HttpURLConnection$HttpInputStream
Event: 14.831 Loading class sun/net/www/protocol/http/HttpURLConnection$HttpInputStream done
Event: 17.665 Loading class java/util/concurrent/ConcurrentLinkedDeque$CLDSpliterator
Event: 17.665 Loading class java/util/concurrent/ConcurrentLinkedDeque$CLDSpliterator done
Event: 24.847 Loading class sun/security/ssl/Alert
Event: 24.847 Loading class sun/security/ssl/Alert done
Event: 24.848 Loading class sun/security/ssl/Alert$AlertConsumer
Event: 24.848 Loading class sun/security/ssl/Alert$AlertConsumer done
Event: 24.848 Loading class sun/security/ssl/Alert$Level
Event: 24.848 Loading class sun/security/ssl/Alert$Level done
Event: 24.849 Loading class javax/crypto/AEADBadTagException
Event: 24.849 Loading class javax/crypto/AEADBadTagException done
Event: 549.920 Loading class java/util/ArrayDeque$DescendingIterator
Event: 549.920 Loading class java/util/ArrayDeque$DescendingIterator done

Classes unloaded (0 events):
No events

Classes redefined (0 events):
No events

Internal exceptions (20 events):
Event: 8.397 Thread 0x000002324e0b44b0 Implicit null exception at 0x000002325e1b6a4b to 0x000002325e1b6c40
Event: 8.397 Thread 0x000002324e0b44b0 Exception <a 'java/lang/NoSuchMethodError'{0x0000000691e9d300}: 'double java.lang.invoke.DirectMethodHandle$Holder.invokeVirtual(java.lang.Object, java.lang.Object)'> (0x0000000691e9d300) 
thrown [s\src\hotspot\share\interpreter\linkResolver.cpp, line 774]
Event: 8.398 Thread 0x000002324e0b44b0 Exception <a 'java/lang/NoSuchMethodError'{0x0000000691ea46b0}: 'double java.lang.invoke.DelegatingMethodHandle$Holder.reinvoke_L(java.lang.Object, java.lang.Object)'> (0x0000000691ea46b0) 
thrown [s\src\hotspot\share\interpreter\linkResolver.cpp, line 774]
Event: 8.399 Thread 0x000002324e0b44b0 Exception <a 'java/lang/NoSuchMethodError'{0x0000000691eafa58}: 'void java.lang.invoke.DirectMethodHandle$Holder.invokeVirtual(java.lang.Object, java.lang.Object, double)'> (0x0000000691eafa58) 
thrown [s\src\hotspot\share\interpreter\linkResolver.cpp, line 774]
Event: 8.400 Thread 0x000002324e0b44b0 Exception <a 'java/lang/NoSuchMethodError'{0x0000000691eba798}: 'double java.lang.invoke.DelegatingMethodHandle$Holder.reinvoke_L(java.lang.Object, java.lang.Object, int)'> (0x0000000691eba798) 
thrown [s\src\hotspot\share\interpreter\linkResolver.cpp, line 774]
Event: 8.400 Thread 0x000002324e0b44b0 Exception <a 'java/lang/NoSuchMethodError'{0x0000000691ec4918}: 'void java.lang.invoke.DelegatingMethodHandle$Holder.reinvoke_L(java.lang.Object, java.lang.Object, double)'> (0x0000000691ec4918) 
thrown [s\src\hotspot\share\interpreter\linkResolver.cpp, line 774]
Event: 8.401 Thread 0x000002324e0b44b0 Exception <a 'java/lang/NoSuchMethodError'{0x0000000691ed26c8}: 'long java.lang.invoke.DelegatingMethodHandle$Holder.reinvoke_L(java.lang.Object, java.lang.Object)'> (0x0000000691ed26c8) 
thrown [s\src\hotspot\share\interpreter\linkResolver.cpp, line 774]
Event: 8.402 Thread 0x000002324e0b44b0 Exception <a 'java/lang/NoSuchMethodError'{0x0000000691edccd0}: 'long java.lang.invoke.DirectMethodHandle$Holder.invokeStatic(java.lang.Object, java.lang.Object, int)'> (0x0000000691edccd0) 
thrown [s\src\hotspot\share\interpreter\linkResolver.cpp, line 774]
Event: 8.402 Thread 0x000002324e0b44b0 Exception <a 'java/lang/NoSuchMethodError'{0x0000000691ee73e0}: 'void java.lang.invoke.DelegatingMethodHandle$Holder.reinvoke_L(java.lang.Object, java.lang.Object, long)'> (0x0000000691ee73e0) 
thrown [s\src\hotspot\share\interpreter\linkResolver.cpp, line 774]
Event: 8.404 Thread 0x000002324e0b44b0 Exception <a 'java/lang/NoSuchMethodError'{0x0000000691f01a50}: 'float java.lang.invoke.DirectMethodHandle$Holder.invokeVirtual(java.lang.Object, java.lang.Object)'> (0x0000000691f01a50) 
thrown [s\src\hotspot\share\interpreter\linkResolver.cpp, line 774]
Event: 8.404 Thread 0x000002324e0b44b0 Exception <a 'java/lang/NoSuchMethodError'{0x0000000691f08df8}: 'float java.lang.invoke.DelegatingMethodHandle$Holder.reinvoke_L(java.lang.Object, java.lang.Object)'> (0x0000000691f08df8) 
thrown [s\src\hotspot\share\interpreter\linkResolver.cpp, line 774]
Event: 8.405 Thread 0x000002324e0b44b0 Exception <a 'java/lang/NoSuchMethodError'{0x0000000691f1af98}: 'float java.lang.invoke.DelegatingMethodHandle$Holder.reinvoke_L(java.lang.Object, java.lang.Object, int)'> (0x0000000691f1af98) 
thrown [s\src\hotspot\share\interpreter\linkResolver.cpp, line 774]
Event: 8.405 Thread 0x000002324e0b44b0 Exception <a 'java/lang/NoSuchMethodError'{0x0000000691f25118}: 'void java.lang.invoke.DelegatingMethodHandle$Holder.reinvoke_L(java.lang.Object, java.lang.Object, float)'> (0x0000000691f25118) 
thrown [s\src\hotspot\share\interpreter\linkResolver.cpp, line 774]
Event: 8.640 Thread 0x000002324e0b44b0 Exception <a 'java/lang/IncompatibleClassChangeError'{0x00000006912a9dd8}: Found class java.lang.Object, but interface was expected> (0x00000006912a9dd8) 
thrown [s\src\hotspot\share\interpreter\linkResolver.cpp, line 841]
Event: 9.413 Thread 0x000002327b21bf40 Exception <a 'java/lang/NoSuchMethodError'{0x0000000692e52e48}: 'java.lang.Object java.lang.invoke.DirectMethodHandle$Holder.newInvokeSpecial(java.lang.Object, java.lang.Object, long)'> (0x0000000692e52e48) 
thrown [s\src\hotspot\share\interpreter\linkResolver.cpp, line 774]
Event: 9.414 Thread 0x000002327b21bf40 Exception <a 'java/lang/NoSuchMethodError'{0x0000000692e56690}: 'java.lang.Object java.lang.invoke.Invokers$Holder.linkToTargetMethod(java.lang.Object, long, java.lang.Object)'> (0x0000000692e56690) 
thrown [s\src\hotspot\share\interpreter\linkResolver.cpp, line 774]
Event: 12.552 Thread 0x000002327b21bf40 Exception <a 'java/lang/NoSuchMethodError'{0x0000000692571de0}: 'java.lang.Object java.lang.invoke.DirectMethodHandle$Holder.invokeVirtual(java.lang.Object, java.lang.Object, int)'> (0x0000000692571de0) 
thrown [s\src\hotspot\share\interpreter\linkResolver.cpp, line 774]
Event: 12.576 Thread 0x000002327b21bf40 Exception <a 'java/lang/NoSuchMethodError'{0x0000000692631f10}: 'java.lang.Object java.lang.invoke.DirectMethodHandle$Holder.newInvokeSpecial(java.lang.Object, int, java.lang.Object, java.lang.Object)'> (0x0000000692631f10) 
thrown [s\src\hotspot\share\interpreter\linkResolver.cpp, line 774]
Event: 12.585 Thread 0x000002327b21bf40 Exception <a 'java/lang/IncompatibleClassChangeError'{0x0000000692675430}: Found class java.lang.Object, but interface was expected> (0x0000000692675430) 
thrown [s\src\hotspot\share\interpreter\linkResolver.cpp, line 841]
Event: 13.081 Thread 0x000002327b21bf40 Exception <a 'sun/nio/fs/WindowsException'{0x00000006917311d0}> (0x00000006917311d0) 
thrown [s\src\hotspot\share\prims\jni.cpp, line 517]

VM Operations (20 events):
Event: 533.364 Executing VM operation: Cleanup
Event: 533.364 Executing VM operation: Cleanup done
Event: 539.403 Executing VM operation: Cleanup
Event: 539.403 Executing VM operation: Cleanup done
Event: 547.654 Executing VM operation: G1CollectForAllocation
Event: 547.660 Executing VM operation: G1CollectForAllocation done
Event: 549.922 Executing VM operation: HandshakeAllThreads
Event: 549.922 Executing VM operation: HandshakeAllThreads done
Event: 549.922 Executing VM operation: Cleanup
Event: 549.922 Executing VM operation: Cleanup done
Event: 549.923 Executing VM operation: HandshakeAllThreads
Event: 549.923 Executing VM operation: HandshakeAllThreads done
Event: 550.929 Executing VM operation: Cleanup
Event: 550.929 Executing VM operation: Cleanup done
Event: 554.972 Executing VM operation: Cleanup
Event: 554.972 Executing VM operation: Cleanup done
Event: 559.005 Executing VM operation: Cleanup
Event: 559.005 Executing VM operation: Cleanup done
Event: 578.192 Executing VM operation: Cleanup
Event: 578.192 Executing VM operation: Cleanup done

Events (20 events):
Event: 8.882 Thread 0x000002327b219a10 Thread added: 0x000002327b219a10
Event: 9.504 Thread 0x000002327b21a4b0 Thread added: 0x000002327b21a4b0
Event: 9.632 Thread 0x000002327daa7870 Thread exited: 0x000002327daa7870
Event: 9.632 Thread 0x000002327c6d31b0 Thread exited: 0x000002327c6d31b0
Event: 12.608 Thread 0x000002327a408090 flushing nmethod 0x00000232568bc410
Event: 12.608 Thread 0x000002327a408090 flushing nmethod 0x00000232568bd490
Event: 12.608 Thread 0x000002327a408090 flushing nmethod 0x0000023256935010
Event: 12.609 Thread 0x000002327a408090 flushing nmethod 0x0000023256b26f10
Event: 12.609 Thread 0x000002327a408090 flushing nmethod 0x0000023256b59d90
Event: 12.610 Thread 0x000002327a408090 flushing nmethod 0x0000023256d4f390
Event: 12.610 Thread 0x000002327a408090 flushing nmethod 0x0000023256e5d810
Event: 12.744 Thread 0x000002327ebdae70 Thread added: 0x000002327ebdae70
Event: 13.036 Thread 0x000002327ebdf6c0 Thread added: 0x000002327ebdf6c0
Event: 13.557 Thread 0x000002327b21af50 Thread added: 0x000002327b21af50
Event: 13.557 Thread 0x000002327b21af50 Thread exited: 0x000002327b21af50
Event: 14.497 Thread 0x000002327ebdf6c0 Thread exited: 0x000002327ebdf6c0
Event: 14.497 Thread 0x000002327ebdae70 Thread exited: 0x000002327ebdae70
Event: 14.830 Thread 0x000002327b21af50 Thread added: 0x000002327b21af50
Event: 24.849 Thread 0x000002327b21af50 Thread exited: 0x000002327b21af50
Event: 68.524 Thread 0x000002327b2164f0 Thread exited: 0x000002327b2164f0


Dynamic libraries:
0x00007ff69b010000 - 0x00007ff69b01d000 	C:\Users\DELL 5515\.jdks\corretto-19.0.2\bin\java.exe
0x00007ffd11270000 - 0x00007ffd11468000 	C:\Windows\SYSTEM32\ntdll.dll
0x00007ffd10ab0000 - 0x00007ffd10b72000 	C:\Windows\System32\KERNEL32.DLL
0x00007ffd0eb60000 - 0x00007ffd0ee56000 	C:\Windows\System32\KERNELBASE.dll
0x00007ffd0e900000 - 0x00007ffd0ea00000 	C:\Windows\System32\ucrtbase.dll
0x00007ffcb5010000 - 0x00007ffcb5025000 	C:\Users\DELL 5515\.jdks\corretto-19.0.2\bin\VCRUNTIME140.dll
0x00007ffcb5030000 - 0x00007ffcb5047000 	C:\Users\DELL 5515\.jdks\corretto-19.0.2\bin\jli.dll
0x00007ffd10fc0000 - 0x00007ffd11161000 	C:\Windows\System32\USER32.dll
0x00007ffcfef50000 - 0x00007ffcff1eb000 	C:\Windows\WinSxS\amd64_microsoft.windows.common-controls_6595b64144ccf1df_6.0.19041.6456_none_60b8a6cb71f64256\COMCTL32.dll
0x00007ffd0f730000 - 0x00007ffd0f7ce000 	C:\Windows\System32\msvcrt.dll
0x00007ffd0f260000 - 0x00007ffd0f282000 	C:\Windows\System32\win32u.dll
0x00007ffd0fb30000 - 0x00007ffd0fb5b000 	C:\Windows\System32\GDI32.dll
0x00007ffd0f0a0000 - 0x00007ffd0f1b9000 	C:\Windows\System32\gdi32full.dll
0x00007ffd0f1c0000 - 0x00007ffd0f25d000 	C:\Windows\System32\msvcp_win.dll
0x00007ffd0f700000 - 0x00007ffd0f72f000 	C:\Windows\System32\IMM32.DLL
0x00007ffcb4f60000 - 0x00007ffcb4ffb000 	C:\Users\DELL 5515\.jdks\corretto-19.0.2\bin\msvcp140.dll
0x00007ffcb4280000 - 0x00007ffcb4f59000 	C:\Users\DELL 5515\.jdks\corretto-19.0.2\bin\server\jvm.dll
0x00007ffd11170000 - 0x00007ffd11221000 	C:\Windows\System32\ADVAPI32.dll
0x00007ffd10240000 - 0x00007ffd102df000 	C:\Windows\System32\sechost.dll
0x00007ffd0fcc0000 - 0x00007ffd0fde0000 	C:\Windows\System32\RPCRT4.dll
0x00007ffd0ee60000 - 0x00007ffd0ee87000 	C:\Windows\System32\bcrypt.dll
0x00007ffd0b8d0000 - 0x00007ffd0b8d9000 	C:\Windows\SYSTEM32\WSOCK32.dll
0x00007ffd051c0000 - 0x00007ffd051ca000 	C:\Windows\SYSTEM32\VERSION.dll
0x00007ffd0fde0000 - 0x00007ffd0fe4b000 	C:\Windows\System32\WS2_32.dll
0x00007ffd04ec0000 - 0x00007ffd04ee7000 	C:\Windows\SYSTEM32\WINMM.dll
0x00007ffd0c710000 - 0x00007ffd0c722000 	C:\Windows\SYSTEM32\kernel.appcore.dll
0x00007ffcb4270000 - 0x00007ffcb427a000 	C:\Users\DELL 5515\.jdks\corretto-19.0.2\bin\jimage.dll
0x00007ffd03f20000 - 0x00007ffd04121000 	C:\Windows\SYSTEM32\DBGHELP.DLL
0x00007ffcf5b70000 - 0x00007ffcf5ba4000 	C:\Windows\SYSTEM32\dbgcore.DLL
0x00007ffd0eee0000 - 0x00007ffd0ef62000 	C:\Windows\System32\bcryptPrimitives.dll
0x00007ffd0b890000 - 0x00007ffd0b89e000 	C:\Users\DELL 5515\.jdks\corretto-19.0.2\bin\instrument.dll
0x00007ffcb4230000 - 0x00007ffcb4256000 	C:\Users\DELL 5515\.jdks\corretto-19.0.2\bin\java.dll
0x00007ffcb40a0000 - 0x00007ffcb4176000 	C:\Users\DELL 5515\.jdks\corretto-19.0.2\bin\jsvml.dll
0x00007ffd102e0000 - 0x00007ffd10a50000 	C:\Windows\System32\SHELL32.dll
0x00007ffd0c940000 - 0x00007ffd0d0e5000 	C:\Windows\SYSTEM32\windows.storage.dll
0x00007ffd10b80000 - 0x00007ffd10ed4000 	C:\Windows\System32\combase.dll
0x00007ffd0e2c0000 - 0x00007ffd0e2eb000 	C:\Windows\SYSTEM32\Wldp.dll
0x00007ffd10170000 - 0x00007ffd1023d000 	C:\Windows\System32\OLEAUT32.dll
0x00007ffd0fb60000 - 0x00007ffd0fc0d000 	C:\Windows\System32\SHCORE.dll
0x00007ffd10f60000 - 0x00007ffd10fbb000 	C:\Windows\System32\shlwapi.dll
0x00007ffd0e830000 - 0x00007ffd0e854000 	C:\Windows\SYSTEM32\profapi.dll
0x00007ffcb7810000 - 0x00007ffcb7828000 	C:\Users\DELL 5515\.jdks\corretto-19.0.2\bin\zip.dll
0x00007ffcbaf60000 - 0x00007ffcbaf73000 	C:\Users\DELL 5515\.jdks\corretto-19.0.2\bin\net.dll
0x00007ffd0bbe0000 - 0x00007ffd0bcea000 	C:\Windows\SYSTEM32\WINHTTP.dll
0x00007ffd0e020000 - 0x00007ffd0e08a000 	C:\Windows\system32\mswsock.dll
0x00007ffcbaf40000 - 0x00007ffcbaf55000 	C:\Users\DELL 5515\.jdks\corretto-19.0.2\bin\nio.dll
0x00007ffd038e0000 - 0x00007ffd038fa000 	C:\Program Files\JetBrains\IntelliJ IDEA Community Edition 2022.2\bin\breakgen64.dll
0x00007ffced300000 - 0x00007ffced308000 	C:\Users\DELL 5515\.jdks\corretto-19.0.2\bin\extnet.dll
0x00007ffd0dd00000 - 0x00007ffd0dd3b000 	C:\Windows\SYSTEM32\IPHLPAPI.DLL
0x00007ffd0fa80000 - 0x00007ffd0fa88000 	C:\Windows\System32\NSI.dll
0x00007ffd0a9f0000 - 0x00007ffd0aa07000 	C:\Windows\SYSTEM32\dhcpcsvc6.DLL
0x00007ffd0a9d0000 - 0x00007ffd0a9ed000 	C:\Windows\SYSTEM32\dhcpcsvc.DLL
0x00007ffd0dd40000 - 0x00007ffd0de0a000 	C:\Windows\SYSTEM32\DNSAPI.dll
0x00007ffd0a350000 - 0x00007ffd0a35a000 	C:\Windows\System32\rasadhlp.dll
0x00007ffd08e20000 - 0x00007ffd08ea0000 	C:\Windows\System32\fwpuclnt.dll
0x00007ffd03910000 - 0x00007ffd0391e000 	C:\Users\DELL 5515\.jdks\corretto-19.0.2\bin\sunmscapi.dll
0x00007ffd0ea00000 - 0x00007ffd0eb5d000 	C:\Windows\System32\CRYPT32.dll
0x00007ffd0e330000 - 0x00007ffd0e357000 	C:\Windows\SYSTEM32\ncrypt.dll
0x00007ffd0e2f0000 - 0x00007ffd0e32b000 	C:\Windows\SYSTEM32\NTASN1.dll
0x00007ffd0e210000 - 0x00007ffd0e228000 	C:\Windows\SYSTEM32\CRYPTSP.dll
0x00007ffd0d930000 - 0x00007ffd0d968000 	C:\Windows\system32\rsaenh.dll
0x00007ffd0e7b0000 - 0x00007ffd0e7de000 	C:\Windows\SYSTEM32\USERENV.dll
0x00007ffd0e230000 - 0x00007ffd0e23c000 	C:\Windows\SYSTEM32\CRYPTBASE.dll
0x00007ffd039b0000 - 0x00007ffd039b9000 	C:\Users\DELL 5515\.jdks\corretto-19.0.2\bin\management.dll
0x00007ffd03920000 - 0x00007ffd0392b000 	C:\Users\DELL 5515\.jdks\corretto-19.0.2\bin\management_ext.dll
0x00007ffd0ffe0000 - 0x00007ffd0ffe8000 	C:\Windows\System32\PSAPI.DLL
0x00007ffd09f20000 - 0x00007ffd09f27000 	C:\Windows\system32\wshunix.dll

dbghelp: loaded successfully - version: 4.0.5 - missing functions: none
symbol engine: initialized successfully - sym options: 0x614 - pdb path: .;C:\Users\DELL 5515\.jdks\corretto-19.0.2\bin;C:\Windows\SYSTEM32;C:\Windows\WinSxS\amd64_microsoft.windows.common-controls_6595b64144ccf1df_6.0.19041.6456_none_60b8a6cb71f64256;C:\Users\DELL 5515\.jdks\corretto-19.0.2\bin\server;C:\Program Files\JetBrains\IntelliJ IDEA Community Edition 2022.2\bin

VM Arguments:
jvm_args: -javaagent:C:\Program Files\JetBrains\IntelliJ IDEA Community Edition 2022.2\lib\idea_rt.jar=64407:C:\Program Files\JetBrains\IntelliJ IDEA Community Edition 2022.2\bin -Dfile.encoding=UTF-8 
java_command: com.hieu.notification_service.NotificationServiceApplication
java_class_path (initial): E:\Study\SpringBoot\Application\TradingCrypto\trading-crypto-backend\notification-service\target\classes;C:\Users\DELL 5515\.m2\repository\org\springframework\boot\spring-boot-starter-data-mongodb\3.5.0\spring-boot-starter-data-mongodb-3.5.0.jar;C:\Users\DELL 5515\.m2\repository\org\springframework\boot\spring-boot-starter\3.5.0\spring-boot-starter-3.5.0.jar;C:\Users\DELL 5515\.m2\repository\org\springframework\boot\spring-boot\3.5.0\spring-boot-3.5.0.jar;C:\Users\DELL 5515\.m2\repository\org\springframework\boot\spring-boot-autoconfigure\3.5.0\spring-boot-autoconfigure-3.5.0.jar;C:\Users\DELL 5515\.m2\repository\org\springframework\boot\spring-boot-starter-logging\3.5.0\spring-boot-starter-logging-3.5.0.jar;C:\Users\DELL 5515\.m2\repository\org\apache\logging\log4j\log4j-to-slf4j\2.24.3\log4j-to-slf4j-2.24.3.jar;C:\Users\DELL 5515\.m2\repository\org\apache\logging\log4j\log4j-api\2.24.3\log4j-api-2.24.3.jar;C:\Users\DELL 5515\.m2\repository\org\slf4j\jul-to-slf4j\2.0.17\jul-to-slf4j-2.0.17.jar;C:\Users\DELL 5515\.m2\repository\jakarta\annotation\jakarta.annotation-api\2.1.1\jakarta.annotation-api-2.1.1.jar;C:\Users\DELL 5515\.m2\repository\org\yaml\snakeyaml\2.4\snakeyaml-2.4.jar;C:\Users\DELL 5515\.m2\repository\org\mongodb\mongodb-driver-sync\5.4.0\mongodb-driver-sync-5.4.0.jar;C:\Users\DELL 5515\.m2\repository\org\mongodb\bson\5.4.0\bson-5.4.0.jar;C:\Users\DELL 5515\.m2\repository\org\mongodb\mongodb-driver-core\5.4.0\mongodb-driver-core-5.4.0.jar;C:\Users\DELL 5515\.m2\repository\org\mongodb\bson-record-codec\5.4.0\bson-record-codec-5.4.0.jar;C:\Users\DELL 5515\.m2\repository\org\springframework\data\spring-data-mongodb\4.5.0\spring-data-mongodb-4.5.0.jar;C:\Users\DELL 5515\.m2\repository\org\springframework\spring-beans\6.2.7\spring-beans-6.2.7.jar;C:\Users\DELL 5515\.m2\repository\org\springframework\spring-expression\6.2.7\spring-expression-6.2.7.jar;C:\Users\DELL 5515\.m2\repository\org\springframework\data\spring-data-commons\3.5.0\spring-data-commons-3.5.0.jar;C:\Users\DELL 5515\.m2\repository\org\springframework\boot\spring-boot-starter-oauth2-resource-server\3.5.0\spring-boot-starter-oauth2-resource-server-3.5.0.jar;C:\Users\DELL 5515\.m2\repository\org\springframework\security\spring-security-config\6.5.0\spring-security-config-6.5.0.jar;C:\Users\DELL 5515\.m2\repository\org\springframework\security\spring-security-core\6.5.0\spring-security-core-6.5.0.jar;C:\Users\DELL 5515\.m2\repository\org\springframework\security\spring-security-crypto\6.5.0\spring-security-crypto-6.5.0.jar;C:\Users\DELL 5515\.m2\repository\org\springframework\security\spring-security-oauth2-resource-server\6.5.0\spring-security-oauth2-resource-server-6.5.0.jar;C:\Users\DELL 5515\.m2\repository\org\springframework\security\spring-security-oauth2-core\6.5.0\spring-security-oauth2-core-6.5.0.jar;C:\Users\DELL 5515\.m2\repository\org\springframework\security\spring-security-web\6.5.0\spring-security-web-6.5.0.jar;C:\Users\DELL 5515\.m2\repository\org\springframework\security\spring-security-oauth2-jose\6.5.0\spring-security-oauth2-jose-6.5.0.jar;C:\Users\DELL 5515\.m2\repository\com\nimbusds\nimbus-jose-jwt\9.37.3\nimbus-jose-jwt-9.37.3.jar;C:\Users\DELL 5515\.m2\repository\com\github\stephenc\jcip\jcip-annotations\1.0-1\jcip-annotations-1.0-1.jar;C:\Users\DELL 5515\.m2\repository\org\springframework\boot\spring-boot-starter-validation\3.5.0\spring-boot-starter-validation-3.5.0.jar;C:\Users\DELL 5515\.m2\repository\org\apache\tomcat\embed\tomcat-embed-el\10.1.41\tomcat-embed-el-10.1.41.jar;C:\Users\DELL 5515\.m2\repository\org\hibernate\validator\hibernate-validator\8.0.2.Final\hibernate-validator-8.0.2.Final.jar;C:\Users\DELL 5515\.m2\repository\jakarta\validation\jakarta.validation-api\3.0.2\jakarta.validation-api-3.0.2.jar;C:\Users\DELL 5515\.m2\repository\org\jboss\logging\jboss-logging\3.6.1.Final\jboss-logging-3.6.1.Final.jar;C:\Users\DELL 5515\.m2\repository\com\fasterxml\classmate\1.7.0\classmate-1.7.0.jar;C:\Users\DELL 5515\.m2\repository\org\springframework\boot\spring-boot-starter-web\3.5.0\spring-boot-starter-web-3.5.0.jar;C:\Users\DELL 5515\.m2\repository\org\springframework\boot\spring-boot-starter-json\3.5.0\spring-boot-starter-json-3.5.0.jar;C:\Users\DELL 5515\.m2\repository\com\fasterxml\jackson\core\jackson-databind\2.19.0\jackson-databind-2.19.0.jar;C:\Users\DELL 5515\.m2\repository\com\fasterxml\jackson\core\jackson-annotations\2.19.0\jackson-annotations-2.19.0.jar;C:\Users\DELL 5515\.m2\repository\com\fasterxml\jackson\core\jackson-core\2.19.0\jackson-core-2.19.0.jar;C:\Users\DELL 5515\.m2\repository\com\fasterxml\jackson\datatype\jackson-datatype-jdk8\2.19.0\jackson-datatype-jdk8-2.19.0.jar;C:\Users\DELL 5515\.m2\repository\com\fasterxml\jackson\datatype\jackson-datatype-jsr310\2.19.0\jackson-datatype-jsr310-2.19.0.jar;C:\Users\DELL 5515\.m2\repository\com\fasterxml\jackson\module\jackson-module-parameter-names\2.19.0\jackson-module-parameter-names-2.19.0.jar;C:\Users\DELL 5515\.m2\repository\org\springframework\boot\spring-boot-starter-tomcat\3.5.0\spring-boot-starter-tomcat-3.5.0.jar;C:\Users\DELL 5515\.m2\repository\org\apache\tomcat\embed\tomcat-embed-core\10.1.41\tomcat-embed-core-10.1.41.jar;C:\Users\DELL 5515\.m2\repository\org\apache\tomcat\embed\tomcat-embed-websocket\10.1.41\tomcat-embed-websocket-10.1.41.jar;C:\Users\DELL 5515\.m2\repository\org\springframework\spring-web\6.2.7\spring-web-6.2.7.jar;C:\Users\DELL 5515\.m2\repository\org\springframework\spring-webmvc\6.2.7\spring-webmvc-6.2.7.jar;C:\Users\DELL 5515\.m2\repository\org\springframework\cloud\spring-cloud-starter-openfeign\4.3.0-RC1\spring-cloud-starter-openfeign-4.3.0-RC1.jar;C:\Users\DELL 5515\.m2\repository\org\springframework\cloud\spring-cloud-starter\4.3.0-RC1\spring-cloud-starter-4.3.0-RC1.jar;C:\Users\DELL 5515\.m2\repository\org\springframework\cloud\spring-cloud-context\4.3.0-RC1\spring-cloud-context-4.3.0-RC1.jar;C:\Users\DELL 5515\.m2\repository\org\bouncycastle\bcprov-jdk18on\1.80\bcprov-jdk18on-1.80.jar;C:\Users\DELL 5515\.m2\repository\org\springframework\cloud\spring-cloud-openfeign-core\4.3.0-RC1\spring-cloud-openfeign-core-4.3.0-RC1.jar;C:\Users\DELL 5515\.m2\repository\io\github\openfeign\feign-form-spring\13.5\feign-form-spring-13.5.jar;C:\Users\DELL 5515\.m2\repository\io\github\openfeign\feign-form\13.5\feign-form-13.5.jar;C:\Users\DELL 5515\.m2\repository\commons-fileupload\commons-fileupload\1.5\commons-fileupload-1.5.jar;C:\Users\DELL 5515\.m2\repository\org\springframework\cloud\spring-cloud-commons\4.3.0-RC1\spring-cloud-commons-4.3.0-RC1.jar;C:\Users\DELL 5515\.m2\repository\io\github\openfeign\feign-core\13.5\feign-core-13.5.jar;C:\Users\DELL 5515\.m2\repository\io\github\openfeign\feign-slf4j\13.5\feign-slf4j-13.5.jar;C:\Users\DELL 5515\.m2\repository\org\springframework\kafka\spring-kafka\3.3.6\spring-kafka-3.3.6.jar;C:\Users\DELL 5515\.m2\repository\org\springframework\spring-context\6.2.7\spring-context-6.2.7.jar;C:\Users\DELL 5515\.m2\repository\org\springframework\spring-messaging\6.2.7\spring-messaging-6.2.7.jar;C:\Users\DELL 5515\.m2\repository\org\springframework\spring-tx\6.2.7\spring-tx-6.2.7.jar;C:\Users\DELL 5515\.m2\repository\org\springframework\retry\spring-retry\2.0.12\spring-retry-2.0.12.jar;C:\Users\DELL 5515\.m2\repository\org\apache\kafka\kafka-clients\3.9.1\kafka-clients-3.9.1.jar;C:\Users\DELL 5515\.m2\repository\com\github\luben\zstd-jni\1.5.6-4\zstd-jni-1.5.6-4.jar;C:\Users\DELL 5515\.m2\repository\org\lz4\lz4-java\1.8.0\lz4-java-1.8.0.jar;C:\Users\DELL 5515\.m2\repository\org\xerial\snappy\snappy-java\1.1.10.5\snappy-java-1.1.10.5.jar;C:\Users\DELL 5515\.m2\repository\io\micrometer\micrometer-observation\1.15.0\micrometer-observation-1.15.0.jar;C:\Users\DELL 5515\.m2\repository\io\micrometer\micrometer-commons\1.15.0\micrometer-commons-1.15.0.jar;E:\Study\SpringBoot\Application\TradingCrypto\trading-crypto-backend\common\target\classes;C:\Users\DELL 5515\.m2\repository\io\github\resilience4j\resilience4j-spring-boot3\2.2.0\resilience4j-spring-boot3-2.2.0.jar;C:\Users\DELL 5515\.m2\repository\io\github\resilience4j\resilience4j-spring6\2.2.0\resilience4j-spring6-2.2.0.jar;C:\Users\DELL 5515\.m2\repository\io\github\resilience4j\resilience4j-annotations\2.2.0\resilience4j-annotations-2.2.0.jar;C:\Users\DELL 5515\.m2\repository\io\github\resilience4j\resilience4j-consumer\2.2.0\resilience4j-consumer-2.2.0.jar;C:\Users\DELL 5515\.m2\repository\io\github\resilience4j\resilience4j-core\2.2.0\resilience4j-core-2.2.0.jar;C:\Users\DELL 5515\.m2\repository\io\github\resilience4j\resilience4j-circularbuffer\2.2.0\resilience4j-circularbuffer-2.2.0.jar;C:\Users\DELL 5515\.m2\repository\io\github\resilience4j\resilience4j-framework-common\2.2.0\resilience4j-framework-common-2.2.0.jar;C:\Users\DELL 5515\.m2\repository\org\slf4j\slf4j-api\2.0.17\slf4j-api-2.0.17.jar;C:\Users\DELL 5515\.m2\repository\io\github\resilience4j\resilience4j-micrometer\2.2.0\resilience4j-micrometer-2.2.0.jar;C:\Users\DELL 5515\.m2\repository\io\micrometer\micrometer-core\1.15.0\micrometer-core-1.15.0.jar;C:\Users\DELL 5515\.m2\repository\org\hdrhistogram\HdrHistogram\2.2.2\HdrHistogram-2.2.2.jar;C:\Users\DELL 5515\.m2\repository\org\latencyutils\LatencyUtils\2.0.3\LatencyUtils-2.0.3.jar;C:\Users\DELL 5515\.m2\repository\io\github\resilience4j\resilience4j-bulkhead\2.2.0\resilience4j-bulkhead-2.2.0.jar;C:\Users\DELL 5515\.m2\repository\io\github\resilience4j\resilience4j-circuitbreaker\2.2.0\resilience4j-circuitbreaker-2.2.0.jar;C:\Users\DELL 5515\.m2\repository\io\github\resilience4j\resilience4j-retry\2.2.0\resilience4j-retry-2.2.0.jar;C:\Users\DELL 5515\.m2\repository\io\github\resilience4j\resilience4j-ratelimiter\2.2.0\resilience4j-ratelimiter-2.2.0.jar;C:\Users\DELL 5515\.m2\repository\io\github\resilience4j\resilience4j-timelimiter\2.2.0\resilience4j-timelimiter-2.2.0.jar;C:\Users\DELL 5515\.m2\repository\org\springframework\boot\spring-boot-starter-aop\3.5.0\spring-boot-starter-aop-3.5.0.jar;C:\Users\DELL 5515\.m2\repository\org\springframework\spring-aop\6.2.7\spring-aop-6.2.7.jar;C:\Users\DELL 5515\.m2\repository\org\aspectj\aspectjweaver\1.9.24\aspectjweaver-1.9.24.jar;C:\Users\DELL 5515\.m2\repository\org\springframework\boot\spring-boot-starter-thymeleaf\3.5.0\spring-boot-starter-thymeleaf-3.5.0.jar;C:\Users\DELL 5515\.m2\repository\org\thymeleaf\thymeleaf-spring6\3.1.3.RELEASE\thymeleaf-spring6-3.1.3.RELEASE.jar;C:\Users\DELL 5515\.m2\repository\org\thymeleaf\thymeleaf\3.1.3.RELEASE\thymeleaf-3.1.3.RELEASE.jar;C:\Users\DELL 5515\.m2\repository\org\attoparser\attoparser\2.0.7.RELEASE\attoparser-2.0.7.RELEASE.jar;C:\Users\DELL 5515\.m2\repository\org\unbescape\unbescape\1.1.6.RELEASE\unbescape-1.1.6.RELEASE.jar;C:\Users\DELL 5515\.m2\repository\org\mapstruct\mapstruct\1.5.5.Final\mapstruct-1.5.5.Final.jar;C:\Users\DELL 5515\.m2\repository\org\springframework\spring-core\6.2.7\spring-core-6.2.7.jar;C:\Users\DELL 5515\.m2\repository\org\springframework\spring-jcl\6.2.7\spring-jcl-6.2.7.jar;C:\Users\DELL 5515\.m2\repository\ch\qos\logback\logback-core\1.5.18\logback-core-1.5.18.jar;C:\Users\DELL 5515\.m2\repository\ch\qos\logback\logback-classic\1.5.18\logback-classic-1.5.18.jar
Launcher Type: SUN_STANDARD

[Global flags]
     intx CICompilerCount                          = 4                                         {product} {ergonomic}
     uint ConcGCThreads                            = 3                                         {product} {ergonomic}
     uint G1ConcRefinementThreads                  = 10                                        {product} {ergonomic}
   size_t G1HeapRegionSize                         = 4194304                                   {product} {ergonomic}
    uintx GCDrainStackTargetSize                   = 64                                        {product} {ergonomic}
   size_t InitialHeapSize                          = 394264576                                 {product} {ergonomic}
   size_t MarkStackSize                            = 4194304                                   {product} {ergonomic}
   size_t MaxHeapSize                              = 6270484480                                {product} {ergonomic}
   size_t MaxNewSize                               = 3762290688                                {product} {ergonomic}
   size_t MinHeapDeltaBytes                        = 4194304                                   {product} {ergonomic}
   size_t MinHeapSize                              = 8388608                                   {product} {ergonomic}
    uintx NonNMethodCodeHeapSize                   = 5839372                                {pd product} {ergonomic}
    uintx NonProfiledCodeHeapSize                  = 122909434                              {pd product} {ergonomic}
    uintx ProfiledCodeHeapSize                     = 122909434                              {pd product} {ergonomic}
    uintx ReservedCodeCacheSize                    = 251658240                              {pd product} {ergonomic}
     bool SegmentedCodeCache                       = true                                      {product} {ergonomic}
   size_t SoftMaxHeapSize                          = 6270484480                             {manageable} {ergonomic}
     bool UseCompressedClassPointers               = true                           {product lp64_product} {ergonomic}
     bool UseCompressedOops                        = true                           {product lp64_product} {ergonomic}
     bool UseG1GC                                  = true                                      {product} {ergonomic}
     bool UseLargePagesIndividualAllocation        = false                                  {pd product} {ergonomic}

Logging:
Log output configuration:
 #0: stdout all=warning uptime,level,tags foldmultilines=false
 #1: stderr all=off uptime,level,tags foldmultilines=false

Environment Variables:
JAVA_HOME=C:\Program Files\Java\jdk-17.0.3.1
PATH=C:\Program Files\Microsoft MPI\Bin\;C:\Program Files\Common Files\Oracle\Java\javapath;C:\Program Files (x86)\Common Files\Oracle\Java\javapath;C:\Windows\system32;C:\Windows;C:\Windows\System32\Wbem;C:\Windows\System32\WindowsPowerShell\v1.0\;C:\Windows\System32\OpenSSH\;C:\MinGW\bin;C:\Program Files\Git\cmd;C:\Program Files\Java\jdk-17.0.3.1\bin;D:\SQL Server\160\Tools\Binn\;C:\Program Files\Microsoft SQL Server\160\Tools\Binn\;C:\Program Files\Microsoft SQL Server\Client SDK\ODBC\170\Tools\Binn\;C:\Program Files\Microsoft SQL Server\160\DTS\Binn\;D:\SQL Server\160\DTS\Binn\;C:\Program Files\Microsoft SQL Server\150\Tools\Binn\;D:\Rational Rose\common;C:\Program Files\Docker\Docker\resources\bin;C:\Program Files\wkhtmltopdf\bin;C:\Program Files\JetBrains\IntelliJ IDEA Community Edition 2022.2\plugins\maven\lib\maven3\bin;C:\Program Files\Go\bin;C:\Program Files\nodejs\;C:\Program Files\Redis\;D:\Python\Scripts\;D:\Python\;C:\Users\DELL 5515\AppData\Local\Programs\Python\Launcher\;D:\Anaconda;D:\Anaconda\Library\mingw-w64\bin;D:\Anaconda\Library\usr\bin;D:\Anaconda\Library\bin;D:\Anaconda\Scripts;C:\Users\DELL 5515\AppData\Local\Microsoft\WindowsApps;C:\Users\DELL 5515\AppData\Local\Programs\Microsoft VS Code\bin;C:\Program Files\JetBrains\IntelliJ IDEA Community Edition 2022.2\bin;;C:\Program Files\Azure Data Studio\bin;C:\Users\DELL 5515\go\bin;C:\Users\DELL 5515\AppData\Roaming\npm
USERNAME=Maxs18
OS=Windows_NT
PROCESSOR_IDENTIFIER=AMD64 Family 23 Model 104 Stepping 1, AuthenticAMD
TMP=C:\Users\DELL55~1\AppData\Local\Temp
TEMP=C:\Users\DELL55~1\AppData\Local\Temp



---------------  S Y S T E M  ---------------

OS:
 Windows 10 , 64 bit Build 19041 (10.0.19041.5915)
OS uptime: 0 days 13:10 hours
Hyper-V role detected

CPU: total 12 (initial active 12) (12 cores per cpu, 2 threads per core) family 23 model 104 stepping 1 microcode 0x0, cx8, cmov, fxsr, ht, mmx, 3dnowpref, sse, sse2, sse3, ssse3, sse4a, sse4.1, sse4.2, popcnt, lzcnt, tsc, tscinvbit, avx, avx2, aes, clmul, bmi1, bmi2, adx, sha, fma, vzeroupper, clflush, clflushopt, hv, rdtscp, rdpid

Memory: 4k page, system-wide physical 23912M (574M free)
TotalPageFile size 35156M (AvailPageFile size 5M)
current process WorkingSet (physical memory assigned to process): 337M, peak: 386M
current process commit charge ("private bytes"): 384M, peak: 534M

vm_info: OpenJDK 64-Bit Server VM (19.0.2+7-FR) for windows-amd64 JRE (19.0.2+7-FR), built on Jan 13 2023 22:53:32 by "Administrator" with MS VC++ 15.9 (VS2017)

END.
